[bugatti.store/index.html]
[bugatti.store/cdn/shop/files/bugatti-favicon3fc0.png]
[backblue.gif]
[fade.gif]
[index.html]
[bugatti.store/cdn/fonts/inter/inter_n4.b2a3f24c19b4de56e8871f609e73ca7f6d2e2bb9.woff2]
[bugatti.store/cdn/fonts/inter/inter_n4.af8052d517e0c9ffac7b814872cecc27ae1fa132.woff]
[bugatti.store/cdn/fonts/inter/inter_n5.d7101d5e168594dd06f56f290dd759fba5431d97.woff2]
[bugatti.store/cdn/fonts/inter/inter_n5.5332a76bbd27da00474c136abb1ca3cbbf259068.woff]
[bugatti.store/cdn/fonts/inter/inter_n7.02711e6b374660cfc7915d1afc1c204e633421e4.woff2]
[bugatti.store/cdn/fonts/inter/inter_n7.6dab87426f6b8813070abd79972ceaf2f8d3b012.woff]
[bugatti.store/cdn/fonts/inter/inter_i4.feae1981dda792ab80d117249d9c7e0f1017e5b3.woff2]
[bugatti.store/cdn/fonts/inter/inter_i4.62773b7113d5e5f02c71486623cf828884c85c6e.woff]
[bugatti.store/cdn/fonts/inter/inter_i7.b377bcd4cc0f160622a22d638ae7e2cd9b86ea4c.woff2]
[bugatti.store/cdn/fonts/inter/inter_i7.7c69a6a34e3bb44fcf6f975857e13b9a9b25beb4.woff]
[bugatti.store/cdn/shop/t/16/assets/themea574.css]
[bugatti.store/cdn/shop/t/16/assets/appsc78e.css]
[bugatti.store/checkouts/internal/preloads2b31.js]
[bugatti.store/cdn/shopifycloud/shop-js/modules/v2/loader.init-shop-cart-sync.en.esm.js]
[cdn.shopify.com/shopifycloud/storefront-forms-hcaptcha/ce_storefront_forms_captcha_hcaptcha.v1.5.2.iife.js]
[bugatti.store/cdn/shopifycloud/storefront/assets/storefront/load_feature-1bd60354.js]
[bugatti.store/cdn/shopifycloud/storefront/assets/storefront/autosizes-84416378.js]
[bugatti.store/cdn/shopifycloud/storefront/assets/shopify_pay/storefront-bf1cdb705501.js]
[cdn.shopify.com/shopifycloud/storefront/assets/storefront/origin_trials-5059b83f.js]
[bugatti.store/cdn/shopifycloud/portable-wallets/latest/portable-wallets.en.js]
[bugatti.store/cdn/shopifycloud/privacy-banner/storefront-banner.js]
[bugatti.store/cdn/shopifycloud/portable-wallets/latest/accelerated-checkout-backwards-compat.css]
[bugatti.store/cdn/shop/t/16/assets/vendorff6e.js]
[bugatti.store/cdn/shop/t/16/assets/theme17fb.js]
[cdn.shopify.com/extensions/019f8639-3c00-7c38-b670-ace92de89fc5/monk-free-gift-with-purchase-451/assets/mr-embed-1.js]
[bugatti.store/POST.2f.delayed]
[bugatti.store/cdn]
[bugatti.store/cdn/s/trekkie.storefront.51e77662fd67e0d47c7238acfeab529dafb90214.min.js]
[bugatti.store/cdn/shopifycloud/storefront/assets/shop_events_listener-4e26a9ce.js]
[bugatti.store/cdn/shopifycloud/perf-kit/shopify-perf-kit-3.7.0.min.js]
[cdn.shopify.com/storefront/web-components/account.js]
[bugatti.store/pages/newsletter.html]
[bugatti.store/collections/all.html]
[bugatti.store/collections/sale.html]
[bugatti.store/search.html]
[bugatti.store/cdn/shop/files/logo-text-whitef24f.svg]
[bugatti.store/collections/headphones.html]
[bugatti.store/collections/electric-scooters.html]
[bugatti.store/collections/bolide.html]
[bugatti.store/collections/divo.html]
[bugatti.store/collections/chiron.html]
[bugatti.store/collections/mistral.html]
[bugatti.store/collections/lego.html]
[bugatti.store/collections/hats.html]
[bugatti.store/collections/t-shirts.html]
[bugatti.store/collections/sweatshirts-hoodies.html]
[bugatti.store/collections/outerwear.html]
[bugatti.store/collections/kids.html]
[bugatti.store/collections/baby.html]
[bugatti.store/collections/champagne.html]
[bugatti.store/collections/travel.html]
[bugatti.store/collections/drinkware.html]
[bugatti.store/collections/eyewear.html]
[bugatti.store/collections/bugatti-baby-t52.html]
[bugatti.store/collections/artwork.html]
[bugatti.store/collections/baby-bugatti-ii.html]
[bugatti.store/collections/tidal-audio.html]
[bugatti.store/collections/fahrengold-carpad.html]
[bugatti.store/collections/jacob-co.html]
[bugatti.store/collections/bugatti-home.html]
[bugatti.store/collections/c-seed.html]
[bugatti.store/collections/honma-golf-collection.html]
[bugatti.store/cart.html]
[bugatti.store/cdn/shop/t/16/assets/cart02c9.js]
[bugatti.store/policies/shipping-policy.html]
[bugatti.store/cdn/shop/t/16/assets/search70c7.js]
[bugatti.store/cdn/shop/t/16/assets/newsletter-popup9f1a.css]
[bugatti.store/cdn/shop/t/16/assets/newsletter-popupeb1f.js]
[bugatti.store/cdn/shop/t/16/assets/cookie-bannerf695.css]
[bugatti.store/cdn/shop/t/16/assets/cookie-banner6ec6.js]
[bugatti.store/cdn/shop/t/16/assets/mobile-dockf3c7.css]
[bugatti.store/cdn/shop/t/16/assets/mobile-dockc31c.js]
[bugatti.store/cdn/shop/files/bugatti-black-long-sleeved-sweatshirt-logo-back-unisex1251.jpg]
[bugatti.store/cdn/shop/files/MG_66754861.jpg]
[bugatti.store/cdn/shop/files/preview_images/6fd24d11de674a5aab3217fdbceff383.thumbnail.0000000000de9c.jpg]
[bugatti.store/cdn/shop/files/preview_images/6fd24d11de674a5aab3217fdbceff383.thumbnail.0000000000_800x63d3.jpg]
[bugatti.store/cdn/shop/videos/c/vp/6fd24d11de674a5aab3217fdbceff383/6fd24d11de674a5aab3217fdbceff383.HD-1080p-7.2Mbps-53479748a4f0.mp4]
[bugatti.store/collections/clothing.html]
[bugatti.store/products/bugatti-baby-ii-tourbillon-edition.html]
[bugatti.store/products/bugatti-macaron-logo-t-shirt.html]
[bugatti.store/cdn/shop/files/navy-blue-t-shirt-bugatti-logo-25-13394c54.jpg]
[bugatti.store/collections/vendors4e60.html]
[bugatti.store/products/bugatti-carbon-fibre-pen.html]
[bugatti.store/cdn/shop/files/25-1339-TransparentGlobalLimited000355eb.jpg]
[bugatti.store/products/bugatti-eb-water-bottle.html]
[bugatti.store/cdn/shop/files/25-1339-TransparentGlobalLimited_CS01267d28.jpg]
[bugatti.store/products/bugatti-macaron-logo-cap.html]
[bugatti.store/cdn/shop/files/Bugatti-light-blue-logo-cap-25-1339e2ac.jpg]
[bugatti.store/products/eb-cap.html]
[bugatti.store/cdn/shop/files/navy-blue-cap-bugatti-logo-25-1339f7bb.jpg]
[bugatti.store/products/lego-speed-champions-bugatti-centodieci-white.html]
[bugatti.store/cdn/shop/files/Untitled-14af4.jpg]
[bugatti.store/cdn/shop/files/20yr_hoodie_in_Chiron3309.jpg]
[bugatti.store/cdn/shop/files/bugatti-20yr-veyron-ettore-edition-hoodie10c2.jpg]
[bugatti.store/cdn/shop/files/bugatti-20yr-veyron-ettore-edition-t-shirt31b2.jpg]
[bugatti.store/products/bugatti-20yr-veyron-ettore-edition-hoodie.html]
[bugatti.store/products/bugatti-20yr-veyron-ettore-edition.html]
[bugatti.store/products/bugatti-duffle-bag.html]
[bugatti.store/cdn/shop/files/bugatti_duffle-bag-01_89ba5057-263d-474a-92ad-35065e4776052993.jpg]
[bugatti.store/collections/vendors62b4.html]
[bugatti.store/products/abstract-graphic-oversized-sweatshirt.html]
[bugatti.store/cdn/shop/files/bugattii-black-long-sleeved-sweatshirt-logod163.jpg]
[bugatti.store/products/bugatti-bolide-scale-model-1-18-yellow.html]
[bugatti.store/cdn/shop/files/m49_58c8cd9e-616f-48e2-9cca-767f3710c7b08458.jpg]
[bugatti.store/products/bugatti-kids-3-piece-baby-set-in-blue.html]
[bugatti.store/cdn/shop/files/bugatti-kids-3-piece-baby-set-blued4bb.jpg]
[bugatti.store/products/bugatti-kids-winter-jacket-blue.html]
[bugatti.store/cdn/shop/files/bugatti-kids-winter-jacket-blue9fb9.jpg]
[bugatti.store/collections/tech.html]
[bugatti.store/cdn/shop/files/a5_cc75c4f5-525e-4b20-bde7-abff9432682ff850.jpg]
[bugatti.store/cdn/shop/files/e21_ae6ec6c0-41ac-4793-b26d-26f9c1db8b4f9b9c.jpg]
[bugatti.store/collections/model-cars.html]
[bugatti.store/cdn/shop/files/lego-technic-bugatti-chiron-pur-sport1db6.jpg]
[bugatti.store/collections/accessories.html]
[bugatti.store/cdn/shop/files/TransparentGlobalLimited_002b279.jpg]
[bugatti.store/policies/privacy-policy.html]
[bugatti.store/policies/terms-of-service.html]
[bugatti.store/pages/web-scooter-warranty.html]
[bugatti.store/pages/tax-duty.html]
[bugatti.store/blogs/showcase.html]
[bugatti.store/pages/cookie-policy.html]
[bugatti.store/policies/refund-policy.html]
[bugatti.store/pages/contact.html]
[bugatti.store/pages/faq.html]
[bugatti.store/cdn/shop/t/16/assets/instant-pageb4ce.js]
[bugatti.store/index.html]
[bugatti.store/cdn/shop/t/16/assets/themea574.css]
[bugatti.store/cdn/shop/t/16/assets/appsc78e.css]
[shop.app/checkouts/internal/preloads8b2a.js]
[bugatti.store/cdn/shopifycloud/portable-wallets/latest/accelerated-checkout-backwards-compat.css]
[bugatti.store/POST.html]
[bugatti.store/cdn.html]
[cdn.shopify.com/storefront/standard-actions.js]
[bugatti.store/pages/POST]
[bugatti.store/cdn/shop/files/arts_edit0550.jpg]
[bugatti.store/cdn/shop/files/BAUER_BUGATTI-1028409_compressed7103.jpg]
[bugatti.store/cdn/shop/files/cliik_studios_010b9d7.jpg]
[bugatti.store/cdn/shop/files/cliik_studios_029a232.jpg]
[bugatti.store/pages/newsletter.html]
[bugatti.store/collections/all.atom]
[bugatti.store/collections/all4658.html]
[bugatti.store/collections/all.oembed]
[bugatti.store/collections/POST]
[bugatti.store/collections.html]
[bugatti.store/cdn/shop/t/16/assets/collection6e00.css]
[bugatti.store/cdn/shop/t/16/assets/collection23ec.js]
[bugatti.store/cdn/shop/files/blank298d.png]
[bugatti.store/collections/exclusive-lifestyle.html]
[bugatti.store/products/bugatti-bolide-t-shirt-black.html]
[bugatti.store/cdn/shop/files/bugatti-black-tshirt-stylish-design9394.jpg]
[bugatti.store/products/bugatti-bolide-polo-black-with-blue-pocket.html]
[bugatti.store/cdn/shop/files/bugatti-bolide-polo-black-blue-pocket-BU322M103BK-FR2378.jpg]
[bugatti.store/products/bugatti-pouch-pc-tablet-neoprenne-blue.html]
[bugatti.store/cdn/shop/files/BU_0001_Tonalita_saturazione2copia_22f3f07e-7b68-4a83-8f5c-cd038c3292c05ba2.jpg]
[bugatti.store/products/eb-puffer-jacket.html]
[bugatti.store/cdn/shop/files/bugatti-eb-puffer-jacketdfc3.jpg]
[bugatti.store/products/mistral-graphic-hoodie.html]
[bugatti.store/cdn/shop/files/bugatti-mistral-hoodie-front217f.jpg]
[bugatti.store/products/mistral-graphic-t-shirt.html]
[bugatti.store/cdn/shop/files/bugatti-mistral-t-shirtac1f.jpg]
[bugatti.store/products/bugatti-bolide-bomber-jacket-black.html]
[bugatti.store/cdn/shop/files/bugatti-bolide-bomber-jacket-black-BU322M302BK-FR8b4e.jpg]
[bugatti.store/products/bugatti-chiron-pur-sport-polo-grey.html]
[bugatti.store/cdn/shop/files/bugatti-chiron-pur-sport-polo-grey-BU322M104GR-FR8fb5.jpg]
[bugatti.store/products/bugatti-bolide-scale-model-1-18-blue.html]
[bugatti.store/cdn/shop/files/m1_b4a52add-71a6-4115-b8c2-7c3a17861a3108da.jpg]
[bugatti.store/products/bugatti-mistral-scale-model-1-18-black.html]
[bugatti.store/cdn/shop/files/MISBL1c767.jpg]
[bugatti.store/products/eb-gilet.html]
[bugatti.store/cdn/shop/files/bugatti-eb-gilet-frontbb74.jpg]
[bugatti.store/products/bugatti-heritage-t-shirt-piquet-white.html]
[bugatti.store/cdn/shop/files/bugatti-heritage-t-shirt-piquet-white1406.jpg]
[bugatti.store/products/abstract-graphic-t-shirt.html]
[bugatti.store/cdn/shop/files/black-short-sleeved-t-shirt-bugatti-logob4d9.jpg]
[bugatti.store/products/w16-logo-t-shirt.html]
[bugatti.store/cdn/shop/files/black-short-sleeved-tshirt-bugatti-logo-front-chest81b1.jpg]
[bugatti.store/products/bugatti-chiron-pur-sport-t-shirt-grey.html]
[bugatti.store/cdn/shop/files/bugatti-chiron-pur-sport-t-shirt-grey-bugatti-chiron-pur-sport-t-shirt-grey-graphic-BUCC22_0002_BU322M011GR-FRd304.jpg]
[bugatti.store/products/bugatti-rolltop-backpack.html]
[bugatti.store/cdn/shop/files/bugatti_backpack-01_2a2a47e2-19a4-4939-8f3b-dc744c5d3f13608c.jpg]
[bugatti.store/products/bugatti-black-leather-macaron-wallet.html]
[bugatti.store/cdn/shop/files/BU220U803BK-CLOSED98a0.jpg]
[bugatti.store/products/logo-graphic-oversized-sweatshirt.html]
[bugatti.store/cdn/shop/files/cream-long-sleeved-sweatshirt-bugatti-print-front6e78.jpg]
[bugatti.store/products/chiron-graphic-t-shirt.html]
[bugatti.store/cdn/shop/files/chiron-graphic-tshirt-white4058.jpg]
[bugatti.store/products/bugatti-chiron-scale-model-1-18-blue.html]
[bugatti.store/cdn/shop/files/bugatti-chiron-diecast-model-blue-black-m11_1_1f91b.jpg]
[bugatti.store/products/bugatti-chiron-scale-model-1-24-blue.html]
[bugatti.store/cdn/shop/files/bugatti-chiron-diecast-model-blue-black-m15_1cf15.jpg]
[bugatti.store/products/bugatti-divo-scale-model-1-18-grey.html]
[bugatti.store/cdn/shop/files/m28_dd0d3d5f-e9b1-4bfe-a4f1-6f757064f0a54cf1.jpg]
[bugatti.store/products/bugatti-heritage-t-shirt-macaron-vintage-sign.html]
[bugatti.store/cdn/shop/files/bugatti-heritage-t-shirt-macaron-vintage-sign-BUCC22_0016_BU322M003BG-FR4ac0.jpg]
[bugatti.store/products/bugatti-bolide-scale-model-1-24-blue.html]
[bugatti.store/cdn/shop/files/m41_1_95964dcd-bcdd-4c0f-bcaf-c14ac613a18a6102.jpg]
[bugatti.store/products/bugatti-heritage-t-shirt-atlantic-grey.html]
[bugatti.store/cdn/shop/files/bugatti-heritage-t-shirt-atlantic-grey-BUCC22_0011_BU322M007GR-FRc3d1.jpg]
[bugatti.store/products/bugatti-heritage-polo-57-long-sleeve-black.html]
[bugatti.store/cdn/shop/files/bugatti-heritage-polo-57-long-sleeve-black-BUCC22_0037_BU322M100BK-FR1eff.jpg]
[bugatti.store/products/essential-logo-t-shirt.html]
[bugatti.store/cdn/shop/files/bugatti-essential-logo-blue-t-shirt9b91.jpg]
[bugatti.store/products/w16-logo-sweatshirt.html]
[bugatti.store/cdn/shop/files/w16-logo-sweatshirt-grey-Final_15090a.jpg]
[bugatti.store/products/bugatti-heritage-t-shirt-quilted-red.html]
[bugatti.store/cdn/shop/files/BUCC22_0024_BU322M001RD-FRb37a.jpg]
[bugatti.store/products/bugatti-bolide-what-if-t-shirt.html]
[bugatti.store/cdn/shop/files/bugatti-bolide-what-if-t-shirt-BU322M010WH-FRd470.jpg]
[bugatti.store/products/bugatti-t-shirt-type-57g-tank.html]
[bugatti.store/cdn/shop/files/bugatti-t-shirt-type-57g-tankf901.jpg]
[bugatti.store/products/bugatti-heritage-jacket-four-pockets-blue.html]
[bugatti.store/cdn/shop/files/bugatti-heritage-jacket-four-pockets-blue-BUCC22_0020_BU322M301BL-FR9111.jpg]
[bugatti.store/products/accent-logo-hoodie.html]
[bugatti.store/cdn/shop/files/bugatti-accent-logo-hoodie9e72.jpg]
[bugatti.store/products/bugatti-divo-scale-model-1-24-remote-control.html]
[bugatti.store/cdn/shop/files/m23_21c6a401-3f20-4ea7-8a61-fc5a817e0a7548e5.jpg]
[bugatti.store/products/generations-graphic-t-shirt.html]
[bugatti.store/cdn/shop/files/Bugatti-Generations-Logo-Graphic-TShirtf3df.jpg]
[bugatti.store/products/bugatti-eb-texture-socks-blue.html]
[bugatti.store/cdn/shop/files/BU220M901BLa380.jpg]
[bugatti.store/products/bugatti-kids-gt-vision-sketch-black-hoodie.html]
[bugatti.store/cdn/shop/files/bugatti-kids-divo-sketch-black-hoodie0451.jpg]
[bugatti.store/products/bugatti-bolide-scale-model-1-24-yellow.html]
[bugatti.store/cdn/shop/files/m45_1_13085651-781e-40a2-a4f7-10dbf5c9c0fb651e.jpg]
[bugatti.store/products/bugatti-heritage-t-shirt-type-59-blue.html]
[bugatti.store/cdn/shop/files/bugatti-heritage-t-shirt-type-59-blue-BU-CC22b3c7.jpg]
[bugatti.store/products/bugatti-kids-wordmark-hoodie-navy.html]
[bugatti.store/cdn/shop/files/bugatti-kids-wordmark-hoodie-navy934d.jpg]
[bugatti.store/products/bugatti-heritage-t-shirt-type-13-beige.html]
[bugatti.store/cdn/shop/files/bugatti-heritage-t-shirt-type-13-beige8297.jpg]
[bugatti.store/products/if-comparable-graphic-t-shirt.html]
[bugatti.store/cdn/shop/files/cream-short-sleeved-tshirt-bugatti-print83e3.jpg]
[bugatti.store/products/essential-logo-hoodie.html]
[bugatti.store/cdn/shop/files/bugatti-essential-hoodie-blued825.jpg]
[bugatti.store/collections/all.html]
[bugatti.store/collections/all9ba9.html]
[bugatti.store/collections/sale.atom]
[bugatti.store/collections/sale.oembed]
[bugatti.store/products/bugatti-kids-chiron-t-shirt-black.html]
[bugatti.store/cdn/shop/files/bugatti-kids-chiron-t-shirt-black616a.jpg]
[bugatti.store/products/bugatti-kids-gt-vision-sketch-blue-hoodie.html]
[bugatti.store/cdn/shop/files/bugatti-kids-divo-sketch-blue-hoodie1932.jpg]
[bugatti.store/products/bugatti-kids-large-logo-t-shirt-navy.html]
[bugatti.store/cdn/shop/files/bugatti-kids-large-logo-t-shirt-navyb866.jpg]
[bugatti.store/products/bugatti-kids-chiron-t-shirt-blue.html]
[bugatti.store/cdn/shop/files/bugatti-kids-chiron-t-shirt-blued242.jpg]
[bugatti.store/products/bugatti-kids-pop-art-t-shirt-black.html]
[bugatti.store/cdn/shop/files/bugatti-kids-pop-art-t-shirt-black6095.jpg]
[bugatti.store/products/bugatti-kids-divo-t-shirt-white.html]
[bugatti.store/cdn/shop/files/bugatti-kids-divo-t-shirt-white8aa9.jpg]
[bugatti.store/products/bugatti-heritage-polo-57-short-sleeve-black.html]
[bugatti.store/cdn/shop/files/bugatti-heritage-polo-57-short-sleeve-black5111.jpg]
[bugatti.store/products/bugatti-kids-pop-art-t-shirt-white.html]
[bugatti.store/cdn/shop/files/62907_001_1__1_4394ac6c-83ed-46e3-a51b-e73cb6285d50bada.jpg]
[bugatti.store/products/bugatti-kids-3-piece-baby-set-in-white.html]
[bugatti.store/cdn/shop/files/bugatti-kids-3-piece-baby-set-white74bf.jpg]
[bugatti.store/products/bugatti-kids-winter-jacket-black.html]
[bugatti.store/cdn/shop/files/bugatti-kids-winter-jacket-blackea59.jpg]
[bugatti.store/products/wireless-gaming-headphones-in-blanc-and-deep-blue.html]
[bugatti.store/cdn/shop/files/a14_1_9384fcf7-1faa-4794-98e2-de4e505d173af2ee.jpg]
[bugatti.store/products/wireless-gaming-headphones-in-nocturne-and-jet-orange.html]
[bugatti.store/cdn/shop/files/a18_22942621-1bb4-478c-b523-5bcd7fa57f7184d7.jpg]
[bugatti.store/products/wireless-gaming-headphones-in-nocturne-and-lake-blue.html]
[bugatti.store/cdn/shop/files/a22_1_9a1091e5-ab51-4c21-8de4-8469bbe75f91ca78.jpg]
[bugatti.store/collections/sale.html]
[bugatti.store/cdn/shop/t/16/assets/blog81ac.css]
[bugatti.store/search.html]
[bugatti.store/cdn/shop/files/logo-text-whitef24f.svg]
[bugatti.store/cdn/shop/t/16/assets/search76d2.css]
[bugatti.store/collections/headphones.atom]
[bugatti.store/collections/headphones.oembed]
[bugatti.store/collections/headphones.html]
[bugatti.store/products/wireless-active-noise-cancelling-headphones-in-nocturne-and-lake-blue.html]
[bugatti.store/collections/electric-scooters.atom]
[bugatti.store/collections/electric-scooters.oembed]
[bugatti.store/products/bugatti-e-scooter-10-max-black.html]
[bugatti.store/products/bugatti-e-scooter-10-max-blue.html]
[bugatti.store/cdn/shop/files/e39_1_f074610d-085e-47aa-b7e7-0afd73f9e0dbbde3.jpg]
[bugatti.store/collections/electric-scooters.html]
[bugatti.store/collections/bolide.atom]
[bugatti.store/collections/bolide.oembed]
[bugatti.store/products/lego-technic-bugatti-bolide-blue-copy.html]
[bugatti.store/cdn/shop/files/legobolideyellow15ac6.jpg]
[bugatti.store/collections/bolide.html]
[bugatti.store/collections/divo.atom]
[bugatti.store/collections/divo.oembed]
[bugatti.store/products/bugatti-divo-scale-model-1-24-grey.html]
[bugatti.store/cdn/shop/files/m19_69e270a4-fb7f-4412-92de-47c49d17f1120ea7.jpg]
[bugatti.store/collections/divo.html]
[bugatti.store/collections/chiron.atom]
[bugatti.store/collections/chiron.oembed]
[bugatti.store/products/bugatti-chiron-scale-model-1-32-blue.html]
[bugatti.store/cdn/shop/files/bugatti-chiron-diecast-model-blue-C132B184b6.jpg]
[bugatti.store/products/bugatti-chiron-sport-scale-model-1-32-red.html]
[bugatti.store/cdn/shop/files/CS132R2f4b6.jpg]
[bugatti.store/products/bugatti-streetfire-chiron-scale-model-1-43-blue.html]
[bugatti.store/cdn/shop/files/m7_1_9640dec9-9f28-449d-ad86-a13e8219adf3e549.jpg]
[bugatti.store/collections/chiron.html]
[bugatti.store/collections/mistral.atom]
[bugatti.store/collections/mistral.oembed]
[bugatti.store/collections/mistral.html]
[bugatti.store/collections/lego.atom]
[bugatti.store/collections/lego.oembed]
[bugatti.store/products/lego-bugatti-pur-sport.html]
[bugatti.store/products/lego-bugatti-gtvision.html]
[bugatti.store/cdn/shop/files/lego-speed-champions-bugatti-vision-gran-turismoa74e.jpg]
[bugatti.store/collections/lego.html]
[bugatti.store/collections/hats.atom]
[bugatti.store/collections/hats.oembed]
[bugatti.store/products/bugatti-20yr-veyron-cap-ettore-edition.html]
[bugatti.store/cdn/shop/files/bugatti-20yr-veyron-ettore-edition-cap5787.jpg]
[bugatti.store/products/20yr-veyron-f-k-p-cap.html]
[bugatti.store/cdn/shop/files/bugatti-20yr-veyron-fkp-capc9af.jpg]
[bugatti.store/collections/hats.html]
[bugatti.store/collections/t-shirts.atom]
[bugatti.store/collections/t-shirts.oembed]
[bugatti.store/products/created-in-molsheim-graphic-t-shirt.html]
[bugatti.store/cdn/shop/files/large-logo-print-graphic-t-shirt-white-front98dc.jpg]
[bugatti.store/products/essential-polo-t-shirt-black.html]
[bugatti.store/cdn/shop/files/bugatti-essential-polo-black48c8.jpg]
[bugatti.store/products/essential-polo-white.html]
[bugatti.store/cdn/shop/files/bugatti-essential-polo-white1976.jpg]
[bugatti.store/products/bugatti-kids-tourbillon-sketch-white-t-shirt-copy.html]
[bugatti.store/cdn/shop/files/bugatti-kids-tourbillon-v16-black-t-shirt4148.jpg]
[bugatti.store/products/bugatti-kids-chiron-outline-t-shirt.html]
[bugatti.store/cdn/shop/files/bugatti-kids-chiron-outline-t-shirtd043.jpg]
[bugatti.store/products/bugatti-kids-tourbillon-sketch-t-shirt-yellow.html]
[bugatti.store/cdn/shop/files/bugatti-kids-tourbillon-sketch-t-shirt-yellow350a.jpg]
[bugatti.store/products/bugatti-kids-tourbillon-sketch-t-shirt-white.html]
[bugatti.store/cdn/shop/files/bugatti-kids-tourbillon-sketch-t-shirt-whiteb0b3.jpg]
[bugatti.store/products/bugatti-kids-veyron-trio-t-shirt.html]
[bugatti.store/cdn/shop/files/VeyronTrio18a13.jpg]
[bugatti.store/products/bugatti-kids-tourbillon-t-shirt.html]
[bugatti.store/cdn/shop/files/bugatti-kids-tourbillon-t-shirtf0e3.jpg]
[bugatti.store/products/bugatti-20yr-f-k-p-t-shirt.html]
[bugatti.store/cdn/shop/files/bugatti-20yr-fkp-t-shirt7626.jpg]
[bugatti.store/collections/t-shirts.html]
[bugatti.store/collections/sweatshirts-hoodies.atom]
[bugatti.store/collections/sweatshirts-hoodies.oembed]
[bugatti.store/collections/sweatshirts-hoodies.html]
[bugatti.store/collections/outerwear.atom]
[bugatti.store/collections/outerwear.oembed]
[bugatti.store/collections/outerwear.html]
[bugatti.store/collections/kids.atom]
[bugatti.store/collections/kids.oembed]
[bugatti.store/products/bugatti-kids-chiron-outline-hoodie.html]
[bugatti.store/cdn/shop/files/bugatti-kids-chiron-outline-hoodiebeaa.jpg]
[bugatti.store/collections/kids.html]
[bugatti.store/collections/baby.atom]
[bugatti.store/collections/baby.oembed]
[bugatti.store/collections/baby.html]
[bugatti.store/collections/champagne.atom]
[bugatti.store/collections/champagne.oembed]
[bugatti.store/products/bugatti-champagne-carbon-eb01.html]
[bugatti.store/cdn/shop/files/c13_1_cc859739-9b84-4cf5-bcd1-3dcbb2072ad3c327.jpg]
[bugatti.store/products/bugatti-champagne-carbon-eb02.html]
[bugatti.store/cdn/shop/files/c5_ee7fb0ca-d3d4-4a2a-8bfe-f6fe0a1ae02979b5.jpg]
[bugatti.store/products/bugatti-champagne-carbon-eb03.html]
[bugatti.store/cdn/shop/files/c9_786d28de-c6c0-48cd-9b82-be1dbbf2e496e5d6.jpg]
[bugatti.store/collections/champagne.html]
[bugatti.store/collections/travel.atom]
[bugatti.store/collections/travel.oembed]
[bugatti.store/products/bugatti-black-leather-credit-card-holder.html]
[bugatti.store/cdn/shop/files/BU220U802BK-CLOSED84d4.jpg]
[bugatti.store/products/bugatti-eb-classic-socks-blue.html]
[bugatti.store/cdn/shop/files/BU220M900BL5dad.jpg]
[bugatti.store/collections/travel.html]
[bugatti.store/collections/drinkware.atom]
[bugatti.store/collections/drinkware.oembed]
[bugatti.store/collections/drinkware.html]
[bugatti.store/products/bugatti-eb-coffee-flask.html]
[bugatti.store/collections/eyewear.atom]
[bugatti.store/collections/eyewear.oembed]
[bugatti.store/products/bugatti-eyewear-model-111.html]
[bugatti.store/cdn/shop/files/111-14K_Angle22ed.jpg]
[bugatti.store/products/bugatti-eyewear-model-100.html]
[bugatti.store/cdn/shop/files/bugatti-eyewear-model-1006e15.jpg]
[bugatti.store/products/bugatti-eyewear-model-36c.html]
[bugatti.store/cdn/shop/files/36C-BP-SS_Front812f.jpg]
[bugatti.store/products/bugatti-eyewear-model-50.html]
[bugatti.store/cdn/shop/files/50-BBS-BP_Angle8438.jpg]
[bugatti.store/products/bugatti-eyewear-model-102.html]
[bugatti.store/cdn/shop/files/102-14K-BK_Angle6832.jpg]
[bugatti.store/products/bugatti-eyewear-model-101.html]
[bugatti.store/cdn/shop/files/101-14K-BK_Angle486b.jpg]
[bugatti.store/products/bugatti-eyewear-model-71.html]
[bugatti.store/cdn/shop/files/71-BGN-WG_Front6881.jpg]
[bugatti.store/products/bugatti-eyewear-model-70.html]
[bugatti.store/cdn/shop/files/70-BK-24K_Front0646.jpg]
[bugatti.store/products/bugatti-eyewear-model-56.html]
[bugatti.store/cdn/shop/files/56-14K_Angle4d48.jpg]
[bugatti.store/products/bugatti-eyewear-model-69.html]
[bugatti.store/cdn/shop/files/69-BK-WG_Front4dde.jpg]
[bugatti.store/products/bugatti-eyewear-model-36h.html]
[bugatti.store/cdn/shop/files/36H-BBS-SS_Front0dbd.jpg]
[bugatti.store/products/bugatti-eyewear-model-36g.html]
[bugatti.store/cdn/shop/files/36G-BK-SS_Front895d.jpg]
[bugatti.store/collections/eyewear.html]
[bugatti.store/collections/bugatti-baby-t52.atom]
[bugatti.store/collections/bugatti-baby-t52.oembed]
[bugatti.store/products/bugatti-baby-t52-gold-legends-edition.html]
[bugatti.store/cdn/shop/files/1st_image_gold41a5.jpg]
[bugatti.store/products/bugatti-baby-t52-silver-edition.html]
[bugatti.store/cdn/shop/files/BT52_Silver89a4.jpg]
[bugatti.store/products/bugatti-baby-t52.html]
[bugatti.store/cdn/shop/files/1st_image_iconic15a8.jpg]
[bugatti.store/collections/bugatti-baby-t52.html]
[bugatti.store/collections/artwork.atom]
[bugatti.store/collections/artwork.oembed]
[bugatti.store/products/bugatti-744-chiron-top.html]
[bugatti.store/cdn/shop/files/ChironTop_c255891f-f0a9-4e92-bad5-55f9e204f9c5_jpg55fa.jpg]
[bugatti.store/products/bugatti-veyron-grand-sport-vitesse-top.html]
[bugatti.store/cdn/shop/files/VeyronTop_jpg_d92f9972-bf0d-40a0-9fb0-761e02c19b07bffd.jpg]
[bugatti.store/products/bugatti-57sc-atlantic-1938-top-profile.html]
[bugatti.store/cdn/shop/files/T57Frontcopy-29c12.jpg]
[bugatti.store/products/bugatti-type-t35-1926-targa-florio-winner-top.html]
[bugatti.store/cdn/shop/files/T35Top_5a298f6a-51d9-479c-9c3f-cc2c088eb8ed_jpg26f8.jpg]
[bugatti.store/products/bugatti-744-chiron-side.html]
[bugatti.store/cdn/shop/files/ChironSide_0eeb4aed-9e68-4a87-8566-16d3e8fac48b_jpga657.jpg]
[bugatti.store/products/bugatti-veyron-grand-sport-vitesse-side.html]
[bugatti.store/cdn/shop/files/VeyronSide.jpg_with_bgc-ezgif.com-webp-to-jpg-converter_094a4aa5-8ee5-4bb0-bde0-64f1a6cfcbf111f0.jpg]
[bugatti.store/products/bugatti-57sc-atlantic-1938-side-profile.html]
[bugatti.store/cdn/shop/files/T57SideTZ-25f61.jpg]
[bugatti.store/products/bugatti-type-t35-1926-targa-florio-winner-side.html]
[bugatti.store/cdn/shop/files/T35Side_6fe34906-1a5f-4252-a252-7f1abdd8e5c0_jpg4587.jpg]
[bugatti.store/products/bugatti-744-chiron-split.html]
[bugatti.store/cdn/shop/files/Bugatti-Chiron-Split1_785a7035-1954-4c30-b6b3-f8100b04c038_jpg7c0c.jpg]
[bugatti.store/products/bugatti-veyron-grand-sport-vitesse-split.html]
[bugatti.store/cdn/shop/files/VeyronSplit_867068f0-d7f4-4c0c-9319-c6076427eea8_jpg5c42.jpg]
[bugatti.store/products/bugatti-57sc-atlantic-1938-split.html]
[bugatti.store/cdn/shop/files/T57Frontcopysplit2-267b9.jpg]
[bugatti.store/products/bugatti-type-t35-1926-targa-florio-winner-split.html]
[bugatti.store/cdn/shop/files/T35Split_328d4dc0-d52d-44dc-9d8f-0b29a7d5a201_jpgb8bb.jpg]
[bugatti.store/products/bugatti-type-57sc-atlantic-side.html]
[bugatti.store/cdn/shop/files/57SC_Side_Print_d3dac9c9-5541-4b84-ac1d-17c14572ad73ef3b.jpg]
[bugatti.store/products/bugatti-type-57sc-atlantic-overhead.html]
[bugatti.store/cdn/shop/files/57SC_Overhead_Print_b87dbd05-9626-4543-a0c4-1679bfc3fe8c2bce.jpg]
[bugatti.store/products/bugatti-type-59-side.html]
[bugatti.store/cdn/shop/files/59-side-Print_c36482ba-f0cf-48c7-84a9-9bc9ccce5460f900.jpg]
[bugatti.store/collections/artwork.html]
[bugatti.store/collections/baby-bugatti-ii.atom]
[bugatti.store/collections/baby-bugatti-ii.oembed]
[bugatti.store/products/bugatti-baby-ii-green.html]
[bugatti.store/cdn/shop/files/DSC06531-2_copyaa3b.jpg]
[bugatti.store/products/bugatti-baby-ii-blue.html]
[bugatti.store/cdn/shop/files/l5_5a7e8851-bc7f-4afb-a379-512aa1cfbf3a66ca.jpg]
[bugatti.store/cdn/shop/files/06BUGATTIBabyBugattiTourbillonEdition84fc.jpg]
[bugatti.store/collections/baby-bugatti-ii.html]
[bugatti.store/collections/tidal-audio.atom]
[bugatti.store/collections/tidal-audio.oembed]
[bugatti.store/products/tidal-for-bugatti-luxury-bespoke-loud-speakers-the-royale-series-blanc-2.html]
[bugatti.store/cdn/shop/files/t133f5.jpg]
[bugatti.store/products/tidal-for-bugatti-luxury-bespoke-loud-speakers-the-royale-series-blanc-1.html]
[bugatti.store/cdn/shop/files/t2_19ad9.jpg]
[bugatti.store/products/tidal-for-bugatti-luxury-bespoke-loud-speakers-the-royale-series.html]
[bugatti.store/cdn/shop/files/t3_16dfc.jpg]
[bugatti.store/collections/tidal-audio.html]
[bugatti.store/collections/fahrengold-carpad.atom]
[bugatti.store/collections/fahrengold-carpad.oembed]
[bugatti.store/products/carpad-bugatti-edition.html]
[bugatti.store/cdn/shop/files/2024_Fahrengold_Bugatti_Carpad_Beauty_MOT01_b_maxKopie_28efc8b5-5ac8-422a-89c2-2aaf7bb83d7c52b8.jpg]
[bugatti.store/products/carpad-pro-bugatti-edition.html]
[bugatti.store/cdn/shop/files/2024_Fahrengold_Bugatti_CarpadPro_Beauty_MOT01_b_01_maxKopie47de.jpg]
[bugatti.store/products/fg-01-bugatti-edition.html]
[bugatti.store/cdn/shop/files/202411_Fahrengold_Bugatti_Launch_FG01_Beauty_MOT08_b_01Kopie254c9.jpg]
[bugatti.store/collections/fahrengold-carpad.html]
[bugatti.store/collections/jacob-co.atom]
[bugatti.store/collections/jacob-co.oembed]
[bugatti.store/products/jacob-and-co-x-bugatti-chiron-tourbillon-luxury-watch.html]
[bugatti.store/cdn/shop/files/jacob-co-x-bugatti-chiron-tourbillon-luxury-watche503.jpg]
[bugatti.store/products/jacob-and-co-x-bugatti-chiron-tourbillon-luxury-watch-diamond.html]
[bugatti.store/cdn/shop/files/jacob-co-x-bugatti-chiron-tourbillon-luxury-watch-diamond-blue455e.jpg]
[bugatti.store/products/jacob-and-co-x-bugatti-chiron-tourbillon-luxury-watch-sapphire.html]
[bugatti.store/cdn/shop/files/jacob-co-x-bugatti-chiron-tourbillon-luxury-watch-sapphire0068.jpg]
[bugatti.store/collections/jacob-co.html]
[bugatti.store/collections/bugatti-home.atom]
[bugatti.store/collections/bugatti-home.oembed]
[bugatti.store/products/bugatti-home-board-game-saint-tropez.html]
[bugatti.store/cdn/shop/files/BugattiAmbientate_0074dc21.jpg]
[bugatti.store/products/bugatti-home-board-game-grand-royal.html]
[bugatti.store/cdn/shop/files/BugattiAmbientate_0008_b5ba104b-1931-425e-8d7a-002d0ed2af2b88ec.jpg]
[bugatti.store/products/bugatti-home-type-17-armchair.html]
[bugatti.store/cdn/shop/files/bugatti-home-type_17-armchair-1ffe4.jpg]
[bugatti.store/products/bugatti-home-type-18-dining-chair.html]
[bugatti.store/cdn/shop/files/still-life-bugatti-dining-chair-20254b25.jpg]
[bugatti.store/products/bugatti-home-type-20-stool.html]
[bugatti.store/cdn/shop/files/bugatti-home-type20-stoola86a.jpg]
[bugatti.store/products/bugatti-home-type-19-bed.html]
[bugatti.store/cdn/shop/files/bugatti-home-type_19-bed-151de.jpg]
[bugatti.store/products/bugatti-home-cote-dazure-vases.html]
[bugatti.store/cdn/shop/files/bugatti-home-cote-dazur-vases0602.jpg]
[bugatti.store/products/bugatti-home-ombre-vases.html]
[bugatti.store/cdn/shop/files/bugatti-home-ombre-vases-redecc1.jpg]
[bugatti.store/products/bugatti-home-ombre-vasesa0e6.html]
[bugatti.store/products/bugatti-home-ombre-vasesb444.html]
[bugatti.store/products/bugatti-home-ombre-vases9419.html]
[bugatti.store/products/bugatti-home-noveau-vases.html]
[bugatti.store/cdn/shop/files/bugatti-home-noveau-vases-black-blue98ed.jpg]
[bugatti.store/products/bugatti-home-noveau-vases83e3.html]
[bugatti.store/products/bugatti-home-noveau-vases8258.html]
[bugatti.store/products/bugatti-home-noveau-vases0c0f.html]
[bugatti.store/products/bugatti-home-royale-lounge-table.html]
[bugatti.store/cdn/shop/files/BURoyalesidetablesdetailfdba.jpg]
[bugatti.store/products/bugatti-home-royale-coffee-table.html]
[bugatti.store/cdn/shop/files/BURoyaleIloungetable88d3.jpg]
[bugatti.store/products/bugatti-home-gianonberto-table-lamp.html]
[bugatti.store/cdn/shop/files/BUGianobertotablelamps4d82.jpg]
[bugatti.store/products/bugatti-home-ettore-low-cabinet.html]
[bugatti.store/cdn/shop/files/BUEttore3doorslowcabinet2a75.jpg]
[bugatti.store/products/bugatti-home-ettore-grand-bureau.html]
[bugatti.store/cdn/shop/files/BUEttoregrandbureaudeskandofficechair_19d32.jpg]
[bugatti.store/products/bugatti-home-cobra-chair.html]
[bugatti.store/cdn/shop/files/BUCobrachair9d32.jpg]
[bugatti.store/products/bugatti-home-royale-sofa.html]
[bugatti.store/cdn/shop/files/BURoyalesofa9d3b.jpg]
[bugatti.store/products/bugatti-home-royale-armchair.html]
[bugatti.store/cdn/shop/files/BURoyalearmchair2_1842f.jpg]
[bugatti.store/products/bugatti-home-legacy-vases.html]
[bugatti.store/cdn/shop/files/BULegacyvasesfront025eb9.jpg]
[bugatti.store/products/bugatti-home-marguerite-coffee-table.html]
[bugatti.store/cdn/shop/files/BUMargueritecoffeetable018cd1.jpg]
[bugatti.store/products/bugatti-home-jean-side-table.html]
[bugatti.store/cdn/shop/files/BUJeansidetablee248.jpg]
[bugatti.store/products/bugatti-home-vitesse-chair.html]
[bugatti.store/cdn/shop/files/BUVitessechaire02b.jpg]
[bugatti.store/products/bugatti-home-atlantic-table.html]
[bugatti.store/cdn/shop/files/BUAtlanticdiningtable5054.jpg]
[bugatti.store/products/bugatti-home-atlantic-leather-chair.html]
[bugatti.store/cdn/shop/files/BUAtlanticLeatherchairback1fb7.jpg]
[bugatti.store/products/bugatti-home-florio-table.html]
[bugatti.store/cdn/shop/files/BUFloriotable70e2.jpg]
[bugatti.store/products/bugatti-home-roland-ottoman.html]
[bugatti.store/cdn/shop/files/BURolandbigottoman02252c.jpg]
[bugatti.store/products/bugatti-home-noire-armchair.html]
[bugatti.store/cdn/shop/files/bugatti-home-noire-armchair-lateral3623.jpg]
[bugatti.store/products/bugatti-home-le-mans-sofa.html]
[bugatti.store/cdn/shop/files/BULeMans4seatersofafrontaa16.jpg]
[bugatti.store/products/bugatti-home-le-mans-armchair.html]
[bugatti.store/cdn/shop/files/BULeMansarmchairfronta3fe.jpg]
[bugatti.store/products/bugatti-home-flow-sofa.html]
[bugatti.store/cdn/shop/files/BUFlowsectionalsofafront64e4.jpg]
[bugatti.store/products/bugatti-home-chiron-dormeuse-1.html]
[bugatti.store/cdn/shop/files/BUChirondormeuseceda.jpg]
[bugatti.store/products/bugatti-home-chiron-arm-chair.html]
[bugatti.store/cdn/shop/files/BUChironarmchairfabricfront77d9.jpg]
[bugatti.store/collections/bugatti-home.html]
[bugatti.store/collections/c-seed.atom]
[bugatti.store/collections/c-seed.oembed]
[bugatti.store/products/c-seed-bugatti-n1.html]
[bugatti.store/cdn/shop/files/CSEEDBUGATTIN1TV_2f994.jpg]
[bugatti.store/collections/c-seed.html]
[bugatti.store/collections/honma-golf-collection.atom]
[bugatti.store/collections/honma-golf-collection.oembed]
[bugatti.store/collections/honma-golf-collection.html]
[bugatti.store/cart.html]
[bugatti.store/cdn/shop/t/16/assets/cart38e4.css]
[bugatti.store/cdn/shopifycloud/storefront/assets/storefront/policy-0e156355.css]
[bugatti.store/policies/POST]
[bugatti.store/policies/shipping-policy.html]
[bugatti.store/cdn/shop/t/16/assets/newsletter-popup9f1a.css]
[bugatti.store/cdn/shop/t/16/assets/cookie-bannerf695.css]
[bugatti.store/cdn/shop/t/16/assets/mobile-dockf3c7.css]
[bugatti.store/collections/clothing.atom]
[bugatti.store/collections/clothing4658.html]
[bugatti.store/collections/clothing.oembed]
[bugatti.store/collections/clothing.html]
[bugatti.store/products/bugatti-baby-ii-tourbillon-edition.oembed]
[bugatti.store/products/POST]
[bugatti.store/cdn/shop/files/02BUGATTIBabyBugattiTourbillonEditionef00.jpg]
[bugatti.store/cdn/shop/files/07BUGATTIBabyBugattiTourbillonEdition79df.jpg]
[bugatti.store/cdn/shop/files/04BUGATTIBabyBugattiTourbillonEdition79df.jpg]
[bugatti.store/cdn/shop/files/11BUGATTIBabyBugattiTourbillonEdition79df.jpg]
[bugatti.store/cdn/shop/files/05_BUGATTI_Baby_Bugatti_Tourbillon_Edition98e4.jpg]
[bugatti.store/cdn/shop/files/08_BUGATTI_Baby_Bugatti_Tourbillon_Editione9eb.jpg]
[bugatti.store/cdn/shop/files/09_BUGATTI_Baby_Bugatti_Tourbillon_Edition98e4.jpg]
[bugatti.store/cdn/shop/files/10_BUGATTI_Baby_Bugatti_Tourbillon_Edition98e4.jpg]
[bugatti.store/cdn/shop/files/12_BUGATTI_Baby_Bugatti_Tourbillon_Edition99d6.jpg]
[bugatti.store/cdn/shop/files/06BUGATTIBabyBugattiTourbillonEdition4b59.jpg]
[bugatti.store/cdn/shop/files/02BUGATTIBabyBugattiTourbillonEdition915d.jpg]
[bugatti.store/cdn/shop/files/07BUGATTIBabyBugattiTourbillonEdition0a25.jpg]
[bugatti.store/cdn/shop/files/04BUGATTIBabyBugattiTourbillonEdition0a25.jpg]
[bugatti.store/cdn/shop/files/11BUGATTIBabyBugattiTourbillonEdition0a25.jpg]
[bugatti.store/cdn/shop/files/05_BUGATTI_Baby_Bugatti_Tourbillon_Edition8499.jpg]
[bugatti.store/cdn/shop/files/08_BUGATTI_Baby_Bugatti_Tourbillon_Edition5226.jpg]
[bugatti.store/cdn/shop/files/09_BUGATTI_Baby_Bugatti_Tourbillon_Edition8499.jpg]
[bugatti.store/cdn/shop/files/10_BUGATTI_Baby_Bugatti_Tourbillon_Edition8499.jpg]
[bugatti.store/cdn/shop/files/12_BUGATTI_Baby_Bugatti_Tourbillon_Editiond9c4.jpg]
[bugatti.store/products/bugatti-baby-ii-tourbillon-edition.html]
[bugatti.store/products/bugatti-macaron-logo-t-shirt.oembed]
[bugatti.store/cdn/shop/files/navy-blue-t-shirt-bugatti-logo-25-1339-25-13395e94.jpg]
[bugatti.store/cdn/shop/files/navy-t-shirt-bugatti-logo-25-1339-25-13391b96.jpg]
[bugatti.store/cdn/shop/files/navy-t-shirt-bugatti-logo-M-25-1339-25-13390dd5.jpg]
[bugatti.store/cdn/shop/files/navy-blue-t-shirt-bugatti-logo-25-1339caf8.jpg]
[bugatti.store/cdn/shop/files/navy-blue-t-shirt-bugatti-logo-25-1339-25-1339a8df.jpg]
[bugatti.store/cdn/shop/files/navy-t-shirt-bugatti-logo-25-1339-25-1339aa4a.jpg]
[bugatti.store/cdn/shop/files/navy-t-shirt-bugatti-logo-M-25-1339-25-1339451c.jpg]
[bugatti.store/products/bugatti-macaron-logo-t-shirt.html]
[bugatti.store/collections/vendorsc363.html]
[bugatti.store/collections/vendors5eb2.html]
[bugatti.store/collections/vendors0779.html]
[bugatti.store/collections/vendors4e60.html]
[bugatti.store/collections/vendors4a51.html]
[bugatti.store/products/bugatti-carbon-fibre-pen.oembed]
[bugatti.store/cdn/shop/files/25-1339-TransparentGlobalLimited0005328c.jpg]
[bugatti.store/cdn/shop/files/25-1339-TransparentGlobalLimited0004328c.jpg]
[bugatti.store/cdn/shop/files/25-1339-TransparentGlobalLimited_CS0607328c.jpg]
[bugatti.store/cdn/shop/files/25-1339-TransparentGlobalLimited0006328c.jpg]
[bugatti.store/cdn/shop/files/25-1339-TransparentGlobalLimited00025bd4.jpg]
[bugatti.store/cdn/shop/files/25-1339-TransparentGlobalLimited0001328c.jpg]
[bugatti.store/cdn/shop/files/25-1339-TransparentGlobalLimited0003dba9.jpg]
[bugatti.store/cdn/shop/files/25-1339-TransparentGlobalLimited0005aac4.jpg]
[bugatti.store/cdn/shop/files/25-1339-TransparentGlobalLimited0004aac4.jpg]
[bugatti.store/cdn/shop/files/25-1339-TransparentGlobalLimited_CS0607aac4.jpg]
[bugatti.store/cdn/shop/files/25-1339-TransparentGlobalLimited0006aac4.jpg]
[bugatti.store/cdn/shop/files/25-1339-TransparentGlobalLimited00025dc5.jpg]
[bugatti.store/cdn/shop/files/25-1339-TransparentGlobalLimited0001aac4.jpg]
[bugatti.store/products/bugatti-carbon-fibre-pen.html]
[bugatti.store/products/bugatti-eb-water-bottle.oembed]
[bugatti.store/cdn/shop/files/25-1339-TransparentGlobalLimited_CS01193843.jpg]
[bugatti.store/cdn/shop/files/25-1339-TransparentGlobalLimited_CS01213843.jpg]
[bugatti.store/cdn/shop/files/25-1339-TransparentGlobalLimited_CS06143843.jpg]
[bugatti.store/cdn/shop/files/25-1339-TransparentGlobalLimited_CS06137d28.jpg]
[bugatti.store/cdn/shop/files/25-1339-TransparentGlobalLimited_CS0126604e.jpg]
[bugatti.store/cdn/shop/files/25-1339-TransparentGlobalLimited_CS011999a0.jpg]
[bugatti.store/cdn/shop/files/25-1339-TransparentGlobalLimited_CS012199a0.jpg]
[bugatti.store/cdn/shop/files/25-1339-TransparentGlobalLimited_CS061499a0.jpg]
[bugatti.store/cdn/shop/files/25-1339-TransparentGlobalLimited_CS0613604e.jpg]
[bugatti.store/products/bugatti-eb-water-bottle.html]
[bugatti.store/products/bugatti-macaron-logo-cap.oembed]
[bugatti.store/cdn/shop/files/Bugatti-light-blue-logo-cap-25-1339-25-13397214.jpg]
[bugatti.store/cdn/shop/files/Bugatti-blue-logo-cap-25-1339-25-1339b33e.jpg]
[bugatti.store/cdn/shop/files/Bugatti-blue-logo-cap-_25-1339-25-1339e006.jpg]
[bugatti.store/cdn/shop/files/Bugatti-light-blue-logo-cap-25-133925-13393d6c.jpg]
[bugatti.store/cdn/shop/files/Bugatti-light-blue-logo-cap-25-13393678.jpg]
[bugatti.store/cdn/shop/files/Bugatti-light-blue-logo-cap-25-1339-25-13394ecd.jpg]
[bugatti.store/cdn/shop/files/Bugatti-blue-logo-cap-25-1339-25-1339117c.jpg]
[bugatti.store/cdn/shop/files/Bugatti-blue-logo-cap-_25-1339-25-13393e6a.jpg]
[bugatti.store/cdn/shop/files/Bugatti-light-blue-logo-cap-25-133925-1339b40f.jpg]
[bugatti.store/products/bugatti-macaron-logo-cap.html]
[bugatti.store/products/eb-cap.oembed]
[bugatti.store/cdn/shop/files/navy-blue-cap-bugatti-logo-back-25-133992c2.jpg]
[bugatti.store/cdn/shop/files/navy-blue-cap-bugatti-logo-front-25-133994e8.jpg]
[bugatti.store/cdn/shop/files/navy-blue-cap-bugatti-logo-closeup-25-13393c25.jpg]
[bugatti.store/cdn/shop/files/navy-blue-tag-25-133902a2.jpg]
[bugatti.store/cdn/shop/files/navy-blue-cap-bugatti-logo-25-1339ce1d.jpg]
[bugatti.store/cdn/shop/files/navy-blue-cap-bugatti-logo-back-25-13398366.jpg]
[bugatti.store/cdn/shop/files/navy-blue-cap-bugatti-logo-front-25-133992b0.jpg]
[bugatti.store/cdn/shop/files/navy-blue-cap-bugatti-logo-closeup-25-1339b9cd.jpg]
[bugatti.store/cdn/shop/files/navy-blue-tag-25-133963c3.jpg]
[bugatti.store/products/eb-cap.html]
[bugatti.store/products/lego-speed-champions-bugatti-centodieci-white.oembed]
[bugatti.store/cdn/shop/files/Untitled-2ee35.jpg]
[bugatti.store/cdn/shop/files/Untitled-3ee35.jpg]
[bugatti.store/cdn/shop/files/Untitled-4ee35.jpg]
[bugatti.store/cdn/shop/files/Untitled-5ee35.jpg]
[bugatti.store/cdn/shop/files/Untitled-100ac.jpg]
[bugatti.store/cdn/shop/files/Untitled-27167.jpg]
[bugatti.store/cdn/shop/files/Untitled-37167.jpg]
[bugatti.store/cdn/shop/files/Untitled-47167.jpg]
[bugatti.store/cdn/shop/files/Untitled-57167.jpg]
[bugatti.store/products/lego-speed-champions-bugatti-centodieci-white.html]
[bugatti.store/products/bugatti-20yr-veyron-ettore-edition-hoodie.oembed]
[bugatti.store/cdn/shop/files/bugatti-20yr-veyron-ettore-edition-hoodie-back6886.jpg]
[bugatti.store/cdn/shop/files/bugatti-20yr-veyron-ettore-edition-hoodie-logo_48fefc19-dafd-4f00-83e5-d92b43e89d651317.jpg]
[bugatti.store/cdn/shop/files/bugatti-20yr-veyron-ettore-edition-hoodie-close_dde124e0-5ed3-438f-968c-748ed205c87fa4c2.jpg]
[bugatti.store/cdn/shop/files/bugatti-20yr-veyron-ettore-edition-hoodie82e4.jpg]
[bugatti.store/cdn/shop/files/bugatti-20yr-veyron-ettore-edition-hoodie-back23e9.jpg]
[bugatti.store/cdn/shop/files/bugatti-20yr-veyron-ettore-edition-hoodie-logo_48fefc19-dafd-4f00-83e5-d92b43e89d65b96a.jpg]
[bugatti.store/cdn/shop/files/bugatti-20yr-veyron-ettore-edition-hoodie-close_dde124e0-5ed3-438f-968c-748ed205c87fbd5d.jpg]
[bugatti.store/products/bugatti-20yr-veyron-ettore-edition-hoodie.html]
[bugatti.store/products/bugatti-20yr-veyron-ettore-edition.oembed]
[bugatti.store/cdn/shop/files/bugatti-20yr-veyron-ettore-edition-t-shirt-back8e0a.jpg]
[bugatti.store/cdn/shop/files/bugatti-20yr-veyron-ettore-edition-logo_5aefbd5b-8905-46ca-b2ec-0623080bac7188c2.jpg]
[bugatti.store/cdn/shop/files/bugatti-20yr-veyron-ettore-edition-t-shirt-detail394e.jpg]
[bugatti.store/cdn/shop/files/bugatti-20yr-veyron-ettore-edition-t-shirt-164_b38a25ad-23ed-4db7-8b43-29ac3aeda8fd88c2.jpg]
[bugatti.store/cdn/shop/files/bugatti-20yr-veyron-ettore-edition-t-shirt4fe1.jpg]
[bugatti.store/cdn/shop/files/bugatti-20yr-veyron-ettore-edition-t-shirt-back3b73.jpg]
[bugatti.store/cdn/shop/files/bugatti-20yr-veyron-ettore-edition-logo_5aefbd5b-8905-46ca-b2ec-0623080bac7128a8.jpg]
[bugatti.store/cdn/shop/files/bugatti-20yr-veyron-ettore-edition-t-shirt-detail3988.jpg]
[bugatti.store/cdn/shop/files/bugatti-20yr-veyron-ettore-edition-t-shirt-164_b38a25ad-23ed-4db7-8b43-29ac3aeda8fd28a8.jpg]
[bugatti.store/products/bugatti-20yr-veyron-ettore-edition.html]
[bugatti.store/products/bugatti-duffle-bag.oembed]
[bugatti.store/cdn/shop/files/bugatti_duffle-bag-02_c1614270-757f-4d8c-90f5-334c28f5f7fd2993.jpg]
[bugatti.store/cdn/shop/files/bugatti_duffle-bag-03_50f3c209-56a1-4332-a630-cc61a9e5ab207368.jpg]
[bugatti.store/cdn/shop/files/bugatti_duffle-bag-01_89ba5057-263d-474a-92ad-35065e47760558a3.jpg]
[bugatti.store/cdn/shop/files/bugatti_duffle-bag-02_c1614270-757f-4d8c-90f5-334c28f5f7fd58a3.jpg]
[bugatti.store/cdn/shop/files/bugatti_duffle-bag-03_50f3c209-56a1-4332-a630-cc61a9e5ab20f452.jpg]
[bugatti.store/products/bugatti-duffle-bag.html]
[bugatti.store/collections/vendorsa309.html]
[bugatti.store/collections/vendorsb95c.html]
[bugatti.store/collections/vendors62b4.html]
[bugatti.store/collections/vendors01c7.html]
[bugatti.store/products/abstract-graphic-oversized-sweatshirt.oembed]
[bugatti.store/cdn/shop/files/bugatti-black-long-sleeved-sweatshirt-logo-back5512.jpg]
[bugatti.store/cdn/shop/files/bugatti-black-long-sleeved-sweatshirt-logo-back-closeupe810.jpg]
[bugatti.store/cdn/shop/files/bugatti-black-long-sleeved-sweatshirt-logo-front662d.jpg]
[bugatti.store/cdn/shop/files/bugatti-black-long-sleeved-sweatshirt-logo-front-mens621e.jpg]
[bugatti.store/cdn/shop/files/bugatti-black-long-sleeved-sweatshirt-logo-back-mens921e.jpg]
[bugatti.store/cdn/shop/files/bugatti-black-long-sleeved-sweatshirt-logo-back-unisex-men-womend05c.jpg]
[bugatti.store/cdn/shop/files/bugatti-black-long-sleeved-sweatshirt-logo-front-wonens-model1b0d.jpg]
[bugatti.store/cdn/shop/files/bugatti-black-long-sleeved-sweatshirt-logo-back-logo2919.jpg]
[bugatti.store/cdn/shop/files/bugattii-black-long-sleeved-sweatshirt-logoab89.jpg]
[bugatti.store/cdn/shop/files/bugatti-black-long-sleeved-sweatshirt-logo-back69f1.jpg]
[bugatti.store/cdn/shop/files/bugatti-black-long-sleeved-sweatshirt-logo-back-unisexddc1.jpg]
[bugatti.store/cdn/shop/files/bugatti-black-long-sleeved-sweatshirt-logo-back-closeup5a53.jpg]
[bugatti.store/cdn/shop/files/bugatti-black-long-sleeved-sweatshirt-logo-frontd425.jpg]
[bugatti.store/cdn/shop/files/bugatti-black-long-sleeved-sweatshirt-logo-front-mens0254.jpg]
[bugatti.store/cdn/shop/files/bugatti-black-long-sleeved-sweatshirt-logo-back-mens1cb8.jpg]
[bugatti.store/cdn/shop/files/bugatti-black-long-sleeved-sweatshirt-logo-back-unisex-men-womenf5d7.jpg]
[bugatti.store/cdn/shop/files/bugatti-black-long-sleeved-sweatshirt-logo-front-wonens-model1d42.jpg]
[bugatti.store/cdn/shop/files/bugatti-black-long-sleeved-sweatshirt-logo-back-logo2062.jpg]
[bugatti.store/products/abstract-graphic-oversized-sweatshirt.html]
[bugatti.store/products/bugatti-bolide-scale-model-1-18-yellow.oembed]
[bugatti.store/cdn/shop/files/m50_4bda3ac9-e96d-428e-b4d2-6d8474cfac2e8458.jpg]
[bugatti.store/cdn/shop/files/m51_52b7b0d9-cd9b-440e-9c60-7c9281eb58fd8458.jpg]
[bugatti.store/cdn/shop/files/m52_4eba9d62-3b03-40be-9536-4c1f7072a98c8458.jpg]
[bugatti.store/cdn/shop/files/m49_58c8cd9e-616f-48e2-9cca-767f3710c7b0f476.jpg]
[bugatti.store/cdn/shop/files/m50_4bda3ac9-e96d-428e-b4d2-6d8474cfac2ef476.jpg]
[bugatti.store/cdn/shop/files/m51_52b7b0d9-cd9b-440e-9c60-7c9281eb58fdf476.jpg]
[bugatti.store/cdn/shop/files/m52_4eba9d62-3b03-40be-9536-4c1f7072a98cf476.jpg]
[bugatti.store/products/bugatti-bolide-scale-model-1-18-yellow.html]
[bugatti.store/products/bugatti-kids-3-piece-baby-set-in-blue.oembed]
[bugatti.store/cdn/shop/files/bugatti-kids-3-piece-baby-navy379e.jpg]
[bugatti.store/cdn/shop/files/bugatti-kids-3-piece-baby-navy-closeupf867.jpg]
[bugatti.store/cdn/shop/files/bugatti-kids-3-piece-baby-navy-hat6489.jpg]
[bugatti.store/cdn/shop/files/bugatti-kids-3-piece-baby-navy-bib5622.jpg]
[bugatti.store/cdn/shop/files/bugatti-kids-3-piece-baby-set-bluec404.jpg]
[bugatti.store/cdn/shop/files/bugatti-kids-3-piece-baby-navye7af.jpg]
[bugatti.store/cdn/shop/files/bugatti-kids-3-piece-baby-navy-closeup9b6f.jpg]
[bugatti.store/cdn/shop/files/bugatti-kids-3-piece-baby-navy-hat4322.jpg]
[bugatti.store/cdn/shop/files/bugatti-kids-3-piece-baby-navy-bib5c76.jpg]
[bugatti.store/products/bugatti-kids-3-piece-baby-set-in-blue.html]
[bugatti.store/products/bugatti-kids-winter-jacket-blue.oembed]
[bugatti.store/cdn/shop/files/bugatti-kids-winter-jacket-blue-logo00b2.jpg]
[bugatti.store/cdn/shop/files/bugatti-kids-winter-jacket-blue-zipa832.jpg]
[bugatti.store/cdn/shop/files/bugatti-kids-winter-jacket-blue-logo-black2036.jpg]
[bugatti.store/cdn/shop/files/bugatti-kids-winter-jacket-blue-hooda45a.jpg]
[bugatti.store/cdn/shop/files/bugatti-kids-winter-jacket-blue873a.jpg]
[bugatti.store/cdn/shop/files/bugatti-kids-winter-jacket-blue-logo9ae9.jpg]
[bugatti.store/cdn/shop/files/bugatti-kids-winter-jacket-blue-zip59f5.jpg]
[bugatti.store/cdn/shop/files/bugatti-kids-winter-jacket-blue-logo-blackdcf2.jpg]
[bugatti.store/cdn/shop/files/bugatti-kids-winter-jacket-blue-hood0b4a.jpg]
[bugatti.store/products/bugatti-kids-winter-jacket-blue.html]
[bugatti.store/collections/tech.atom]
[bugatti.store/collections/tech.oembed]
[bugatti.store/collections/tech.html]
[bugatti.store/collections/model-cars.atom]
[bugatti.store/collections/model-cars.oembed]
[bugatti.store/collections/model-cars.html]
[bugatti.store/collections/mistral/model-car-mistral.html]
[bugatti.store/collections/accessories.atom]
[bugatti.store/collections/accessories.oembed]
[bugatti.store/products/bugatti-store-gift-card.html]
[bugatti.store/cdn/shop/files/GIFT_CARD5a6a.jpg]
[bugatti.store/collections/accessories.html]
[bugatti.store/policies/privacy-policy.html]
[bugatti.store/policies/terms-of-service.html]
[bugatti.store/pages/web-scooter-warranty.html]
[bugatti.store/pages/tax-duty.html]
[bugatti.store/blogs/showcase.atom]
[bugatti.store/blogs/POST]
[bugatti.store/blogs/showcase/tagged/accessories.html]
[bugatti.store/blogs/showcase/tagged/clothing.html]
[bugatti.store/blogs/showcase/tagged/eyewear.html]
[bugatti.store/blogs/showcase/tagged/lego.html]
[bugatti.store/blogs/showcase/tagged/tech.html]
[bugatti.store/blogs/showcase/eyewear-that-earns-a-second-look.html]
[bugatti.store/cdn/shop/articles/01-2602-bugatti-eyewear_jpg_a49e2670-acc9-494d-9224-1fe62864256fe6b1.jpg]
[bugatti.store/blogs/showcase/the-new-bugatti-eb-coffee-flask-the-perfect-way-to-enjoy-a-coffee.html]
[bugatti.store/cdn/shop/articles/Transparent_Global_Limited_010_2615b89a-959e-4ccc-9b46-4fac8b37b226aa3f.jpg]
[bugatti.store/blogs/showcase/your-spring-wardrobe-enjoy-15-off.html]
[bugatti.store/cdn/shop/articles/cream-short-sleeved-tshirt-bugatti-print-front-logo_86def972-67b1-4997-8bcc-a812b23eb6d6202f.jpg]
[bugatti.store/blogs/showcase/twenty-years-two-legends-one-moment.html]
[bugatti.store/cdn/shop/articles/transparent_global_020_7cec179c-674e-472a-b7fb-f0df4bba21719e08.jpg]
[bugatti.store/blogs/showcase/20-sale-across-the-bugatti-store.html]
[bugatti.store/cdn/shop/articles/04_BUGATTI_Piech_20Y_Veyron_ea9049e8-be6d-4989-9c36-c8402aaf0390601b.jpg]
[bugatti.store/blogs/showcase/valentine-s-day-presents-for-the-modern-man.html]
[bugatti.store/cdn/shop/articles/a14_1_41282e94-28f9-461f-948b-1cbe5f535257a376.jpg]
[bugatti.store/blogs/showcase/lego-x-bugatti-collection.html]
[bugatti.store/cdn/shop/articles/2_44f3db16-7375-4b7a-8c5e-6ba11c20d2da5166.png]
[bugatti.store/blogs/showcase/christmas-top-picks.html]
[bugatti.store/cdn/shop/articles/cream-long-sleeved-sweatshirt-bugatti-print-front-womens-unisex_68cdd6b2-6997-4317-a6f2-0e5cecab5e97868e.jpg]
[bugatti.store/blogs/showcase.html]
[bugatti.store/pages/cookie-policy.html]
[bugatti.store/policies/refund-policy.html]
[bugatti.store/pages/contact.html]
[bugatti.store/pages/faq.html]
[bugatti.store/pages/POST.html]
[bugatti.store/collections/all2679.html]
[bugatti.store/collections/all4658.oembed]
[bugatti.store/collections/all4658.html]
[bugatti.store/collections/POST.html]
[bugatti.store/collections.html]
[bugatti.store/cdn/shop/t/16/assets/collection6e00.css]
[bugatti.store/collections/exclusive-lifestyle.atom]
[bugatti.store/collections/exclusive-lifestyle.oembed]
[bugatti.store/collections/exclusive-lifestyle.html]
[bugatti.store/collections/eyewear/eyewear.html]
[bugatti.store/products/bugatti-bolide-t-shirt-black.oembed]
[bugatti.store/cdn/shop/files/bugatti-bolide-t-shirt-black-back-graphic-BU322M009BK-BAa69c.jpg]
[bugatti.store/cdn/shop/files/bugatti-bolide-t-shirt-black-graphics-BU322M009BK-DETT356d.jpg]
[bugatti.store/cdn/shop/files/bugatti-black-tshirt-stylish-designbbb7.jpg]
[bugatti.store/cdn/shop/files/bugatti-bolide-t-shirt-black-back-graphic-BU322M009BK-BA6364.jpg]
[bugatti.store/cdn/shop/files/bugatti-bolide-t-shirt-black-graphics-BU322M009BK-DETT0425.jpg]
[bugatti.store/products/bugatti-bolide-t-shirt-black.html]
[bugatti.store/products/bugatti-bolide-polo-black-with-blue-pocket.oembed]
[bugatti.store/cdn/shop/files/bugatti-bolide-polo-black-with-blue-pocket-back-collar-BU322M103BK-BAb8a0.jpg]
[bugatti.store/cdn/shop/files/bugatti-bolide-polo-black-with-blue-pocket-blue-BU322M103BK-DETT2c55.jpg]
[bugatti.store/cdn/shop/files/bugatti-bolide-polo-black-blue-pocket-BU322M103BK-FRd437.jpg]
[bugatti.store/cdn/shop/files/bugatti-bolide-polo-black-with-blue-pocket-back-collar-BU322M103BK-BAe3fb.jpg]
[bugatti.store/cdn/shop/files/bugatti-bolide-polo-black-with-blue-pocket-blue-BU322M103BK-DETT1852.jpg]
[bugatti.store/products/bugatti-bolide-polo-black-with-blue-pocket.html]
[bugatti.store/products/bugatti-pouch-pc-tablet-neoprenne-blue.oembed]
[bugatti.store/cdn/shop/files/BU220U801BL-det907a.jpg]
[bugatti.store/cdn/shop/files/BU_0001_Tonalita_saturazione2copia_22f3f07e-7b68-4a83-8f5c-cd038c3292c06fe9.jpg]
[bugatti.store/cdn/shop/files/BU220U801BL-det6fe9.jpg]
[bugatti.store/products/bugatti-pouch-pc-tablet-neoprenne-blue.html]
[bugatti.store/products/eb-puffer-jacket.oembed]
[bugatti.store/cdn/shop/files/bugatti-eb-puffer-jacket-backe88a.jpg]
[bugatti.store/cdn/shop/files/bugatti-eb-puffer-jacket-logo-close-upeb1d.jpg]
[bugatti.store/cdn/shop/files/bugatti-eb-puffer-jacket-zip-close-up9740.jpg]
[bugatti.store/cdn/shop/files/bugatti-eb-puffer-jacket-inside-close-up13e3.jpg]
[bugatti.store/cdn/shop/files/bugatti-eb-puffer-jackete901.jpg]
[bugatti.store/cdn/shop/files/bugatti-eb-puffer-jacket-backfb99.jpg]
[bugatti.store/cdn/shop/files/bugatti-eb-puffer-jacket-logo-close-uped82.jpg]
[bugatti.store/cdn/shop/files/bugatti-eb-puffer-jacket-zip-close-upc2e3.jpg]
[bugatti.store/cdn/shop/files/bugatti-eb-puffer-jacket-inside-close-up7604.jpg]
[bugatti.store/products/eb-puffer-jacket.html]
[bugatti.store/products/mistral-graphic-hoodie.oembed]
[bugatti.store/cdn/shop/files/bugatti-mistral-hoodie-backed1e.jpg]
[bugatti.store/cdn/shop/files/bugatti-mistral-hoodie-logo-close-up9442.jpg]
[bugatti.store/cdn/shop/files/bugatti-mistral-hoodie-cuff-close-upa4a9.jpg]
[bugatti.store/cdn/shop/files/cliik_studios_020-295a0.jpg]
[bugatti.store/cdn/shop/files/bugatti-mistral-hoodie-frontcba3.jpg]
[bugatti.store/cdn/shop/files/bugatti-mistral-hoodie-backfa52.jpg]
[bugatti.store/cdn/shop/files/bugatti-mistral-hoodie-logo-close-up24d3.jpg]
[bugatti.store/cdn/shop/files/bugatti-mistral-hoodie-cuff-close-up80ce.jpg]
[bugatti.store/cdn/shop/files/cliik_studios_020-2a4ca.jpg]
[bugatti.store/products/mistral-graphic-hoodie.html]
[bugatti.store/products/mistral-graphic-t-shirt.oembed]
[bugatti.store/cdn/shop/files/bugatti-mistral-t-shirt-back4801.jpg]
[bugatti.store/cdn/shop/files/bugatti-mistral-t-shirt-collar-logo-close-upd49b.jpg]
[bugatti.store/cdn/shop/files/bugatti-mistral-t-shirt-detail-close-up611a.jpg]
[bugatti.store/cdn/shop/files/cliik_studios_029_c9abdc73-6fb6-4f2f-b785-bda7c2bc5580f8a6.jpg]
[bugatti.store/cdn/shop/files/bugatti-mistral-t-shirtad2f.jpg]
[bugatti.store/cdn/shop/files/bugatti-mistral-t-shirt-back9797.jpg]
[bugatti.store/cdn/shop/files/bugatti-mistral-t-shirt-collar-logo-close-updecf.jpg]
[bugatti.store/cdn/shop/files/bugatti-mistral-t-shirt-detail-close-up2c24.jpg]
[bugatti.store/cdn/shop/files/cliik_studios_029_c9abdc73-6fb6-4f2f-b785-bda7c2bc5580f66b.jpg]
[bugatti.store/products/mistral-graphic-t-shirt.html]
[bugatti.store/products/bugatti-bolide-bomber-jacket-black.oembed]
[bugatti.store/cdn/shop/files/bugatti-bolide-bomber-jacket-black-back-BU322M302BK-BA8f26.jpg]
[bugatti.store/cdn/shop/files/bugatti-bolide-bomber-jacket-black-unzipped-BU322M302BK-FR02f4bd.jpg]
[bugatti.store/cdn/shop/files/bugatti-bolide-bomber-jacket-black-brands-BU322M302BK-DETT-030f02.jpg]
[bugatti.store/cdn/shop/files/bugatti-bolide-bomber-jacket-black-zip-BU322M302BK-DETT-0428de.jpg]
[bugatti.store/cdn/shop/files/bugatti-bolide-bomber-jacket-black-target-BU322M302BK-DETT-05cc6f.jpg]
[bugatti.store/cdn/shop/files/bugatti-bolide-bomber-jacket-black-logo-BU322M302BK-DETT-06f20c.jpg]
[bugatti.store/cdn/shop/files/bugatti-bolide-bomber-jacket-black-zip-BU322M302BK-DETT021648.jpg]
[bugatti.store/cdn/shop/files/bugatti-bolide-bomber-jacket-black-zip-BU322M302BK-DETT84dd.jpg]
[bugatti.store/cdn/shop/files/bugatti-bolide-bomber-jacket-black-back-graohic-BU322M302BK-DETT-071fac.jpg]
[bugatti.store/cdn/shop/files/bugatti-bolide-bomber-jacket-black-sie-view-BU322M302BK-DETT-08fbaa.jpg]
[bugatti.store/cdn/shop/files/bugatti-bolide-bomber-jacket-black-BU322M302BK-FR14a0.jpg]
[bugatti.store/cdn/shop/files/bugatti-bolide-bomber-jacket-black-back-BU322M302BK-BA8885.jpg]
[bugatti.store/cdn/shop/files/bugatti-bolide-bomber-jacket-black-unzipped-BU322M302BK-FR023744.jpg]
[bugatti.store/cdn/shop/files/bugatti-bolide-bomber-jacket-black-brands-BU322M302BK-DETT-03dd91.jpg]
[bugatti.store/cdn/shop/files/bugatti-bolide-bomber-jacket-black-zip-BU322M302BK-DETT-041e3c.jpg]
[bugatti.store/cdn/shop/files/bugatti-bolide-bomber-jacket-black-target-BU322M302BK-DETT-057165.jpg]
[bugatti.store/cdn/shop/files/bugatti-bolide-bomber-jacket-black-logo-BU322M302BK-DETT-060e75.jpg]
[bugatti.store/cdn/shop/files/bugatti-bolide-bomber-jacket-black-zip-BU322M302BK-DETT02dc7c.jpg]
[bugatti.store/cdn/shop/files/bugatti-bolide-bomber-jacket-black-zip-BU322M302BK-DETTf0f2.jpg]
[bugatti.store/cdn/shop/files/bugatti-bolide-bomber-jacket-black-back-graohic-BU322M302BK-DETT-07bacc.jpg]
[bugatti.store/cdn/shop/files/bugatti-bolide-bomber-jacket-black-sie-view-BU322M302BK-DETT-08477e.jpg]
[bugatti.store/products/bugatti-bolide-bomber-jacket-black.html]
[bugatti.store/products/bugatti-chiron-pur-sport-polo-grey.oembed]
[bugatti.store/cdn/shop/files/bugatti-chiron-pur-sport-polo-grey-back-BU322M104GR-BA7d05.jpg]
[bugatti.store/cdn/shop/files/bugatti-chiron-pur-sport-polo-grey-16-BU322M104GR-DETT02ebd2.jpg]
[bugatti.store/cdn/shop/files/bugatti-chiron-pur-sport-polo-grey-logo-BU322M104GR-DETT03f035.jpg]
[bugatti.store/cdn/shop/files/bugatti-chiron-pur-sport-polo-grey-16-pocket-BU322M104GR-DETT012971.jpg]
[bugatti.store/cdn/shop/files/bugatti-chiron-pur-sport-polo-grey-BU322M104GR-FRa547.jpg]
[bugatti.store/cdn/shop/files/bugatti-chiron-pur-sport-polo-grey-back-BU322M104GR-BA8fbd.jpg]
[bugatti.store/cdn/shop/files/bugatti-chiron-pur-sport-polo-grey-16-BU322M104GR-DETT02a320.jpg]
[bugatti.store/cdn/shop/files/bugatti-chiron-pur-sport-polo-grey-logo-BU322M104GR-DETT03d96a.jpg]
[bugatti.store/cdn/shop/files/bugatti-chiron-pur-sport-polo-grey-16-pocket-BU322M104GR-DETT01095c.jpg]
[bugatti.store/products/bugatti-chiron-pur-sport-polo-grey.html]
[bugatti.store/products/bugatti-bolide-scale-model-1-18-blue.oembed]
[bugatti.store/cdn/shop/files/m2_1f8a7813-5d15-4f0e-b60e-bee7c3507779cd88.jpg]
[bugatti.store/cdn/shop/files/m3_140d59a0-5c03-445a-a64b-b8382e7de563cd88.jpg]
[bugatti.store/cdn/shop/files/m4_821907f3-cefb-4e7e-be9d-c91778ca6c0dcd88.jpg]
[bugatti.store/cdn/shop/files/m1_b4a52add-71a6-4115-b8c2-7c3a17861a318c5e.jpg]
[bugatti.store/cdn/shop/files/m2_1f8a7813-5d15-4f0e-b60e-bee7c350777986c5.jpg]
[bugatti.store/cdn/shop/files/m3_140d59a0-5c03-445a-a64b-b8382e7de56386c5.jpg]
[bugatti.store/cdn/shop/files/m4_821907f3-cefb-4e7e-be9d-c91778ca6c0d86c5.jpg]
[bugatti.store/products/bugatti-bolide-scale-model-1-18-blue.html]
[bugatti.store/products/bugatti-mistral-scale-model-1-18-black.oembed]
[bugatti.store/cdn/shop/files/MISBL2c767.jpg]
[bugatti.store/cdn/shop/files/MISBL3c767.jpg]
[bugatti.store/cdn/shop/files/MISBL4c767.jpg]
[bugatti.store/cdn/shop/files/MISBL6c767.jpg]
[bugatti.store/cdn/shop/files/MISBL74e7f.jpg]
[bugatti.store/cdn/shop/files/MISBL84e7f.jpg]
[bugatti.store/cdn/shop/files/MISBL128ba.jpg]
[bugatti.store/cdn/shop/files/MISBL228ba.jpg]
[bugatti.store/cdn/shop/files/MISBL328ba.jpg]
[bugatti.store/cdn/shop/files/MISBL428ba.jpg]
[bugatti.store/cdn/shop/files/MISBL628ba.jpg]
[bugatti.store/cdn/shop/files/MISBL765ea.jpg]
[bugatti.store/cdn/shop/files/MISBL865ea.jpg]
[bugatti.store/products/bugatti-mistral-scale-model-1-18-black.html]
[bugatti.store/products/eb-gilet.oembed]
[bugatti.store/cdn/shop/files/bugatti-eb-gilet-backad62.jpg]
[bugatti.store/cdn/shop/files/bugatti-eb-gilet-logo-close-up46e8.jpg]
[bugatti.store/cdn/shop/files/bugatti-eb-gilet-zip-close-up1e75.jpg]
[bugatti.store/cdn/shop/files/bugatti-eb-gilet-frontb44b.jpg]
[bugatti.store/cdn/shop/files/bugatti-eb-gilet-back1bd6.jpg]
[bugatti.store/cdn/shop/files/bugatti-eb-gilet-logo-close-up9453.jpg]
[bugatti.store/cdn/shop/files/bugatti-eb-gilet-zip-close-up4ccf.jpg]
[bugatti.store/products/eb-gilet.html]
[bugatti.store/products/bugatti-heritage-t-shirt-piquet-white.oembed]
[bugatti.store/cdn/shop/files/bugatti-heritage-t-shirt-piquet-white-backb135.jpg]
[bugatti.store/cdn/shop/files/bugatti-heritage-t-shirt-piquet-white2ec6.jpg]
[bugatti.store/cdn/shop/files/bugatti-heritage-t-shirt-piquet-white-backd9aa.jpg]
[bugatti.store/products/bugatti-heritage-t-shirt-piquet-white.html]
[bugatti.store/products/abstract-graphic-t-shirt.oembed]
[bugatti.store/cdn/shop/files/black-short-sleeved-t-shirt-bugatti-logo-back97f1.jpg]
[bugatti.store/cdn/shop/files/black-short-sleeved-t-shirt-bugatti-logo-mens461c.jpg]
[bugatti.store/cdn/shop/files/black-short-sleeved-t-shirt-bugatti-logo-mens-frontf610.jpg]
[bugatti.store/cdn/shop/files/black-short-sleeved-t-shirt-bugatti-logo-womens9c9c.jpg]
[bugatti.store/cdn/shop/files/black-short-sleeved-t-shirt-bugatti-logo-back-modele1e5.jpg]
[bugatti.store/cdn/shop/files/black-short-sleeved-t-shirt-design9eab.jpg]
[bugatti.store/cdn/shop/files/black-short-sleeved-t-shirt-bugatti-logo-close_upcfca.jpg]
[bugatti.store/cdn/shop/files/black-short-sleeved-t-shirt-bugatti-logocaaa.jpg]
[bugatti.store/cdn/shop/files/black-short-sleeved-t-shirt-bugatti-logo-backa5c8.jpg]
[bugatti.store/cdn/shop/files/black-short-sleeved-t-shirt-bugatti-logo-mens1846.jpg]
[bugatti.store/cdn/shop/files/black-short-sleeved-t-shirt-bugatti-logo-mens-frontc611.jpg]
[bugatti.store/cdn/shop/files/black-short-sleeved-t-shirt-bugatti-logo-womens9183.jpg]
[bugatti.store/cdn/shop/files/black-short-sleeved-t-shirt-bugatti-logo-back-model2a09.jpg]
[bugatti.store/cdn/shop/files/black-short-sleeved-t-shirt-designb71f.jpg]
[bugatti.store/cdn/shop/files/black-short-sleeved-t-shirt-bugatti-logo-close_upab12.jpg]
[bugatti.store/products/abstract-graphic-t-shirt.html]
[bugatti.store/products/w16-logo-t-shirt.oembed]
[bugatti.store/cdn/shop/files/black-short-sleeved-tshirt-bugatti-logo-front-chest-W16050b.jpg]
[bugatti.store/cdn/shop/files/black-short-sleeved-tshirt-bugatti-logo-front-chest-modelfdad.jpg]
[bugatti.store/cdn/shop/files/black-short-sleeved-tshirt-bugatti-logo-front-chest-w16-backc289.jpg]
[bugatti.store/cdn/shop/files/black-short-sleeved-tshirt-bugatti-logo-front-chest-w16-women-female-front4e56.jpg]
[bugatti.store/cdn/shop/files/black-short-sleeved-tshirt-bugatti-logo-front-chest-w16-back-women-female3d9e.jpg]
[bugatti.store/cdn/shop/files/black-short-sleeved-tshirt-bugatti-logo-up-closeb0fc.jpg]
[bugatti.store/cdn/shop/files/black-short-sleeved-tshirt-bugatti-logo-detail-art-forme-technique2769.jpg]
[bugatti.store/cdn/shop/files/black-short-sleeved-tshirt-bugatti-sleeve-detail1657.jpg]
[bugatti.store/cdn/shop/files/black-short-sleeved-tshirt-bugatti-logo-front-chestd8ae.jpg]
[bugatti.store/cdn/shop/files/black-short-sleeved-tshirt-bugatti-logo-front-chest-W1649cd.jpg]
[bugatti.store/cdn/shop/files/black-short-sleeved-tshirt-bugatti-logo-front-chest-model3727.jpg]
[bugatti.store/cdn/shop/files/black-short-sleeved-tshirt-bugatti-logo-front-chest-w16-back113d.jpg]
[bugatti.store/cdn/shop/files/black-short-sleeved-tshirt-bugatti-logo-front-chest-w16-women-female-front8640.jpg]
[bugatti.store/cdn/shop/files/black-short-sleeved-tshirt-bugatti-logo-front-chest-w16-back-women-femalee285.jpg]
[bugatti.store/cdn/shop/files/black-short-sleeved-tshirt-bugatti-logo-up-close83eb.jpg]
[bugatti.store/cdn/shop/files/black-short-sleeved-tshirt-bugatti-logo-detail-art-forme-techniqued90f.jpg]
[bugatti.store/cdn/shop/files/black-short-sleeved-tshirt-bugatti-sleeve-detail9655.jpg]
[bugatti.store/products/w16-logo-t-shirt.html]
[bugatti.store/products/bugatti-chiron-pur-sport-t-shirt-grey.oembed]
[bugatti.store/cdn/shop/files/bugatti-chiron-pur-sport-t-shirt-grey-logo-collar-BUCC22_0001_BU322M011GR-BA26b5.jpg]
[bugatti.store/cdn/shop/files/bugatti-chiron-pur-sport-t-shirt-grey-graphic-BUCC22_0000_BU322M011GR-DETTcf22.jpg]
[bugatti.store/cdn/shop/files/bugatti-chiron-pur-sport-t-shirt-grey-logo-collar-BUCC22_0001_BU322M011GR-BA043e.jpg]
[bugatti.store/cdn/shop/files/bugatti-chiron-pur-sport-t-shirt-grey-graphic-BUCC22_0000_BU322M011GR-DETT4155.jpg]
[bugatti.store/products/bugatti-chiron-pur-sport-t-shirt-grey.html]
[bugatti.store/products/bugatti-rolltop-backpack.oembed]
[bugatti.store/cdn/shop/files/bugatti_backpack-02_dd551b12-e4ab-4494-9b51-dc9e135c73f9215b.jpg]
[bugatti.store/cdn/shop/files/bugatti_backpack-03_46a1e634-9c9a-41ef-8efa-21b87c763701215b.jpg]
[bugatti.store/cdn/shop/files/bugatti_backpack-04_195d9bc1-d5c4-4040-b76c-efa649cd4c13215b.jpg]
[bugatti.store/cdn/shop/files/bugatti_backpack-01_2a2a47e2-19a4-4939-8f3b-dc744c5d3f13f025.jpg]
[bugatti.store/cdn/shop/files/bugatti_backpack-02_dd551b12-e4ab-4494-9b51-dc9e135c73f9f025.jpg]
[bugatti.store/cdn/shop/files/bugatti_backpack-03_46a1e634-9c9a-41ef-8efa-21b87c763701f025.jpg]
[bugatti.store/cdn/shop/files/bugatti_backpack-04_195d9bc1-d5c4-4040-b76c-efa649cd4c13f025.jpg]
[bugatti.store/products/bugatti-rolltop-backpack.html]
[bugatti.store/products/bugatti-black-leather-macaron-wallet.oembed]
[bugatti.store/cdn/shop/files/BU220U803BK-int641f.jpg]
[bugatti.store/cdn/shop/files/BU220U803BK-det1d58.jpg]
[bugatti.store/cdn/shop/files/bustore_1000x1000_indossato_0013_bu220u803bk_35f6b10d-31b3-4652-a7f4-38fbd83fdf2c1d58.jpg]
[bugatti.store/cdn/shop/files/BU220U803BK-CLOSEDb4b8.jpg]
[bugatti.store/cdn/shop/files/BU220U803BK-intb4b8.jpg]
[bugatti.store/cdn/shop/files/BU220U803BK-det534a.jpg]
[bugatti.store/cdn/shop/files/bustore_1000x1000_indossato_0013_bu220u803bk_35f6b10d-31b3-4652-a7f4-38fbd83fdf2c534a.jpg]
[bugatti.store/products/bugatti-black-leather-macaron-wallet.html]
[bugatti.store/products/logo-graphic-oversized-sweatshirt.oembed]
[bugatti.store/cdn/shop/files/cream-long-sleeved-sweatshirt-bugatti-print-back79f2.jpg]
[bugatti.store/cdn/shop/files/cream-long-sleeved-sweatshirt-bugatti-print-back-modelba3a.jpg]
[bugatti.store/cdn/shop/files/cream-long-sleeved-sweatshirt-bugatti-print-front-womens-unisexbe5b.jpg]
[bugatti.store/cdn/shop/files/cream-long-sleeved-sweatshirt-bugatti-print-back-female_modelce72.jpg]
[bugatti.store/cdn/shop/files/cream-long-sleeved-sweatshirt-bugatti-sleeve-detail4903.jpg]
[bugatti.store/cdn/shop/files/cream-long-sleeved-sweatshirt-bugatti-print-front-collarf067.jpg]
[bugatti.store/cdn/shop/files/cream-long-sleeved-sweatshirt-bugatti-print-front-mens42f8.jpg]
[bugatti.store/cdn/shop/files/cream-long-sleeved-sweatshirt-bugatti-print-front58a2.jpg]
[bugatti.store/cdn/shop/files/cream-long-sleeved-sweatshirt-bugatti-print-back843d.jpg]
[bugatti.store/cdn/shop/files/cream-long-sleeved-sweatshirt-bugatti-print-back-model1e14.jpg]
[bugatti.store/cdn/shop/files/cream-long-sleeved-sweatshirt-bugatti-print-front-womens-unisexada7.jpg]
[bugatti.store/cdn/shop/files/cream-long-sleeved-sweatshirt-bugatti-print-back-female_model6818.jpg]
[bugatti.store/cdn/shop/files/cream-long-sleeved-sweatshirt-bugatti-sleeve-detail0c3e.jpg]
[bugatti.store/cdn/shop/files/cream-long-sleeved-sweatshirt-bugatti-print-front-collarcc32.jpg]
[bugatti.store/cdn/shop/files/cream-long-sleeved-sweatshirt-bugatti-print-front-mens1600.jpg]
[bugatti.store/products/logo-graphic-oversized-sweatshirt.html]
[bugatti.store/products/chiron-graphic-t-shirt.oembed]
[bugatti.store/cdn/shop/files/chiron-graphic-tshirt-white-back8955.jpg]
[bugatti.store/cdn/shop/files/chiron-graphic-tshirt-white-male-model9c1b.jpg]
[bugatti.store/cdn/shop/files/chiron-graphic-tshirt-white-back-mense51a.jpg]
[bugatti.store/cdn/shop/files/chiron-graphic-tshirt-white-female-model72b9.jpg]
[bugatti.store/cdn/shop/files/chiron-graphic-tshirt-white-back-womens92a0.jpg]
[bugatti.store/cdn/shop/files/chiron-graphic-tshirt-white-close_up7848.jpg]
[bugatti.store/cdn/shop/files/chiron-graphic-tshirt-white-details-bottom-cornera70e.jpg]
[bugatti.store/cdn/shop/files/chiron-graphic-tshirt-white-logo-blue-chest15ee.jpg]
[bugatti.store/cdn/shop/files/chiron-graphic-tshirt-white4788.jpg]
[bugatti.store/cdn/shop/files/chiron-graphic-tshirt-white-backcf75.jpg]
[bugatti.store/cdn/shop/files/chiron-graphic-tshirt-white-male-model7058.jpg]
[bugatti.store/cdn/shop/files/chiron-graphic-tshirt-white-back-mens0bf4.jpg]
[bugatti.store/cdn/shop/files/chiron-graphic-tshirt-white-female-model8c00.jpg]
[bugatti.store/cdn/shop/files/chiron-graphic-tshirt-white-back-womens872d.jpg]
[bugatti.store/cdn/shop/files/chiron-graphic-tshirt-white-close_upd490.jpg]
[bugatti.store/cdn/shop/files/chiron-graphic-tshirt-white-details-bottom-corner4bc6.jpg]
[bugatti.store/cdn/shop/files/chiron-graphic-tshirt-white-logo-blue-chest7e29.jpg]
[bugatti.store/products/chiron-graphic-t-shirt.html]
[bugatti.store/products/bugatti-chiron-scale-model-1-18-blue.oembed]
[bugatti.store/cdn/shop/files/bugatti-chiron-diecast-model-blue-black-m12_1_16ea2.jpg]
[bugatti.store/cdn/shop/files/bugatti-chiron-diecast-model-blue-black-m13_1_17802.jpg]
[bugatti.store/cdn/shop/files/bugatti-chiron-diecast-model-blue-black-m14_1_15f81.jpg]
[bugatti.store/cdn/shop/files/bugatti-chiron-diecast-model-blue-black-m11_1_10b1c.jpg]
[bugatti.store/cdn/shop/files/bugatti-chiron-diecast-model-blue-black-m12_1_14794.jpg]
[bugatti.store/cdn/shop/files/bugatti-chiron-diecast-model-blue-black-m13_1_124a5.jpg]
[bugatti.store/cdn/shop/files/bugatti-chiron-diecast-model-blue-black-m14_1_19712.jpg]
[bugatti.store/products/bugatti-chiron-scale-model-1-18-blue.html]
[bugatti.store/products/bugatti-chiron-scale-model-1-24-blue.oembed]
[bugatti.store/cdn/shop/files/bugatti-chiron-diecast-model-blue-black-m16e5f6.jpg]
[bugatti.store/cdn/shop/files/bugatti-chiron-diecast-model-blue-black-m171189.jpg]
[bugatti.store/cdn/shop/files/bugatti-chiron-diecast-model-blue-black-m18_1_e0d96796f.jpg]
[bugatti.store/cdn/shop/files/bugatti-chiron-diecast-model-blue-black-m15_1746c.jpg]
[bugatti.store/cdn/shop/files/bugatti-chiron-diecast-model-blue-black-m160390.jpg]
[bugatti.store/cdn/shop/files/bugatti-chiron-diecast-model-blue-black-m177816.jpg]
[bugatti.store/cdn/shop/files/bugatti-chiron-diecast-model-blue-black-m18_1_e0d965edf.jpg]
[bugatti.store/products/bugatti-chiron-scale-model-1-24-blue.html]
[bugatti.store/products/bugatti-divo-scale-model-1-18-grey.oembed]
[bugatti.store/cdn/shop/files/m29_b1db78cb-c9f1-4a23-9f18-0d05bbacd44acc3b.jpg]
[bugatti.store/cdn/shop/files/m30_b1b0683b-25f8-47e8-9dc2-4b623d22c04fcc3b.jpg]
[bugatti.store/cdn/shop/files/m31_d7aebe3d-a432-400e-8efc-69045a007bd0cc3b.jpg]
[bugatti.store/cdn/shop/files/m32_fb1d4251-1e76-4a0a-abf4-93969200fc93cc3b.jpg]
[bugatti.store/cdn/shop/files/m28_dd0d3d5f-e9b1-4bfe-a4f1-6f757064f0a59194.jpg]
[bugatti.store/cdn/shop/files/m29_b1db78cb-c9f1-4a23-9f18-0d05bbacd44ac601.jpg]
[bugatti.store/cdn/shop/files/m30_b1b0683b-25f8-47e8-9dc2-4b623d22c04fc601.jpg]
[bugatti.store/cdn/shop/files/m31_d7aebe3d-a432-400e-8efc-69045a007bd0c601.jpg]
[bugatti.store/cdn/shop/files/m32_fb1d4251-1e76-4a0a-abf4-93969200fc93c601.jpg]
[bugatti.store/products/bugatti-divo-scale-model-1-18-grey.html]
[bugatti.store/products/bugatti-heritage-t-shirt-macaron-vintage-sign.oembed]
[bugatti.store/cdn/shop/files/bugatti-heritage-t-shirt-macaron-vintage-sign-white-blue-BUCC22_0015_BU322M003BG-BA8369.jpg]
[bugatti.store/cdn/shop/files/bugatti-heritage-t-shirt-macaron-vintage-sign-BUCC22_0016_BU322M003BG-FR5bae.jpg]
[bugatti.store/cdn/shop/files/bugatti-heritage-t-shirt-macaron-vintage-sign-white-blue-BUCC22_0015_BU322M003BG-BAde1a.jpg]
[bugatti.store/products/bugatti-heritage-t-shirt-macaron-vintage-sign.html]
[bugatti.store/products/bugatti-bolide-scale-model-1-24-blue.oembed]
[bugatti.store/cdn/shop/files/m42_1_fcf5b51b-c911-4e9a-ae7b-1f2c388aeb366102.jpg]
[bugatti.store/cdn/shop/files/m43_1_cb52380a-d3b1-4cdf-9182-9a69ca1237e76102.jpg]
[bugatti.store/cdn/shop/files/m44_1_a5e79bef-8d0e-40c8-b84a-8db3f4054deb6102.jpg]
[bugatti.store/cdn/shop/files/m41_1_95964dcd-bcdd-4c0f-bcaf-c14ac613a18a6ee9.jpg]
[bugatti.store/cdn/shop/files/m42_1_fcf5b51b-c911-4e9a-ae7b-1f2c388aeb366ee9.jpg]
[bugatti.store/cdn/shop/files/m43_1_cb52380a-d3b1-4cdf-9182-9a69ca1237e76ee9.jpg]
[bugatti.store/cdn/shop/files/m44_1_a5e79bef-8d0e-40c8-b84a-8db3f4054deb6ee9.jpg]
[bugatti.store/products/bugatti-bolide-scale-model-1-24-blue.html]
[bugatti.store/products/bugatti-heritage-t-shirt-atlantic-grey.oembed]
[bugatti.store/cdn/shop/files/bugatti-heritage-t-shirt-atlantic-grey-graphic-BUCC22_0010_BU322M007GR-BA7789.jpg]
[bugatti.store/cdn/shop/files/bugatti-heritage-t-shirt-atlantic-grey-graphic-up-close-BUCC22_0009_BU322M007GR-DETT80de.jpg]
[bugatti.store/cdn/shop/files/bugatti-heritage-t-shirt-atlantic-grey-BUCC22_0011_BU322M007GR-FR0818.jpg]
[bugatti.store/cdn/shop/files/bugatti-heritage-t-shirt-atlantic-grey-graphic-BUCC22_0010_BU322M007GR-BA3d97.jpg]
[bugatti.store/cdn/shop/files/bugatti-heritage-t-shirt-atlantic-grey-graphic-up-close-BUCC22_0009_BU322M007GR-DETT8526.jpg]
[bugatti.store/products/bugatti-heritage-t-shirt-atlantic-grey.html]
[bugatti.store/products/bugatti-heritage-polo-57-long-sleeve-black.oembed]
[bugatti.store/cdn/shop/files/bugatti-heritage-polo-57-long-sleeve-black-back-BUCC22_0036_BU322M100BK-BA53c3.jpg]
[bugatti.store/cdn/shop/files/bugatti-heritage-polo-57-long-sleeve-black-BUCC22_0037_BU322M100BK-FR802b.jpg]
[bugatti.store/cdn/shop/files/bugatti-heritage-polo-57-long-sleeve-black-back-BUCC22_0036_BU322M100BK-BA13ca.jpg]
[bugatti.store/products/bugatti-heritage-polo-57-long-sleeve-black.html]
[bugatti.store/products/essential-logo-t-shirt.oembed]
[bugatti.store/cdn/shop/files/bugatti-essential-logo-blue-t-shirt-backe14f.jpg]
[bugatti.store/cdn/shop/files/bugatti-essential-logo-blue-t-shirt-logo-close-upb8a6.jpg]
[bugatti.store/cdn/shop/files/bugatti-essential-logo-blue-t-shirt-collar-close-upb682.jpg]
[bugatti.store/cdn/shop/files/bugatti-essential-logo-blue-t-shirt-sleeve-close-up2590.jpg]
[bugatti.store/cdn/shop/files/bugatti-essential-logo-blue-t-shirt28e9.jpg]
[bugatti.store/cdn/shop/files/bugatti-essential-logo-blue-t-shirt-back2516.jpg]
[bugatti.store/cdn/shop/files/bugatti-essential-logo-blue-t-shirt-logo-close-up72be.jpg]
[bugatti.store/cdn/shop/files/bugatti-essential-logo-blue-t-shirt-collar-close-up16ad.jpg]
[bugatti.store/cdn/shop/files/bugatti-essential-logo-blue-t-shirt-sleeve-close-up2f99.jpg]
[bugatti.store/products/essential-logo-t-shirt.html]
[bugatti.store/products/w16-logo-sweatshirt.oembed]
[bugatti.store/cdn/shop/files/w16-logo-sweatshirt-grey-final_16b85f.jpg]
[bugatti.store/cdn/shop/files/w16-logo-sweatshirt-grey-mens9a72.jpg]
[bugatti.store/cdn/shop/files/w16-logo-sweatshirt-grey-mens-backcd23.jpg]
[bugatti.store/cdn/shop/files/w16-logo-sweatshirt-grey-womens0862.jpg]
[bugatti.store/cdn/shop/files/w16-logo-sweatshirt-grey-back-unisex5f62.jpg]
[bugatti.store/cdn/shop/files/w16-logo-sweatshirt-grey-logo-cheste78e.jpg]
[bugatti.store/cdn/shop/files/w16-logo-sweatshirt-grey-back-detail982c.jpg]
[bugatti.store/cdn/shop/files/w16-logo-sweatshirt-grey-sleeve23aa.jpg]
[bugatti.store/cdn/shop/files/w16-logo-sweatshirt-grey-Final_15ed1c.jpg]
[bugatti.store/cdn/shop/files/w16-logo-sweatshirt-grey-final_168583.jpg]
[bugatti.store/cdn/shop/files/w16-logo-sweatshirt-grey-mens3993.jpg]
[bugatti.store/cdn/shop/files/w16-logo-sweatshirt-grey-mens-backe339.jpg]
[bugatti.store/cdn/shop/files/w16-logo-sweatshirt-grey-womensa5ba.jpg]
[bugatti.store/cdn/shop/files/w16-logo-sweatshirt-grey-back-unisex8f52.jpg]
[bugatti.store/cdn/shop/files/w16-logo-sweatshirt-grey-logo-chest2539.jpg]
[bugatti.store/cdn/shop/files/w16-logo-sweatshirt-grey-back-detail930b.jpg]
[bugatti.store/cdn/shop/files/w16-logo-sweatshirt-grey-sleeve6266.jpg]
[bugatti.store/products/w16-logo-sweatshirt.html]
[bugatti.store/products/bugatti-heritage-t-shirt-quilted-red.oembed]
[bugatti.store/cdn/shop/files/BUCC22_0023_BU322M001RD-BAb37a.jpg]
[bugatti.store/cdn/shop/files/BUCC22_0021_BU322M001RD-DETT02b37a.jpg]
[bugatti.store/cdn/shop/files/BUCC22_0022_BU322M001RD-DETTb37a.jpg]
[bugatti.store/cdn/shop/files/BUCC22_0024_BU322M001RD-FRa671.jpg]
[bugatti.store/cdn/shop/files/BUCC22_0023_BU322M001RD-BAa671.jpg]
[bugatti.store/cdn/shop/files/BUCC22_0021_BU322M001RD-DETT02a671.jpg]
[bugatti.store/cdn/shop/files/BUCC22_0022_BU322M001RD-DETTa671.jpg]
[bugatti.store/products/bugatti-heritage-t-shirt-quilted-red.html]
[bugatti.store/products/bugatti-bolide-what-if-t-shirt.oembed]
[bugatti.store/cdn/shop/files/bugatti-bolide-what-if-t-shirt-back-BU322M010WH-BA6daf.jpg]
[bugatti.store/cdn/shop/files/bugatti-bolide-what-if-t-shirt-graphics-BU322M010WH-DETTe7f0.jpg]
[bugatti.store/cdn/shop/files/bugatti-bolide-what-if-t-shirt-BU322M010WH-FR9cc9.jpg]
[bugatti.store/cdn/shop/files/bugatti-bolide-what-if-t-shirt-back-BU322M010WH-BA0e61.jpg]
[bugatti.store/cdn/shop/files/bugatti-bolide-what-if-t-shirt-graphics-BU322M010WH-DETT60ff.jpg]
[bugatti.store/products/bugatti-bolide-what-if-t-shirt.html]
[bugatti.store/products/bugatti-t-shirt-type-57g-tank.oembed]
[bugatti.store/cdn/shop/files/bugatti-t-shirt-type-57g-tank-graphicea0a.jpg]
[bugatti.store/cdn/shop/files/bugatti-t-shirt-type-57g-tank-back-graphic12b8.jpg]
[bugatti.store/cdn/shop/files/bugatti-t-shirt-type-57g-tankb985.jpg]
[bugatti.store/cdn/shop/files/bugatti-t-shirt-type-57g-tank-graphicfa23.jpg]
[bugatti.store/cdn/shop/files/bugatti-t-shirt-type-57g-tank-back-graphicb573.jpg]
[bugatti.store/products/bugatti-t-shirt-type-57g-tank.html]
[bugatti.store/products/bugatti-heritage-jacket-four-pockets-blue.oembed]
[bugatti.store/cdn/shop/files/bugatti-heritage-jacket-four-pockets-blue-back-BUCC22_0019_BU322M301BL-BAb1a6.jpg]
[bugatti.store/cdn/shop/files/bugatti-heritage-jacket-four-pockets-blue-pocket-BUCC22_0018_BU322M301BL-DETT4a14.jpg]
[bugatti.store/cdn/shop/files/bugatti-heritage-jacket-four-pockets-blue-F-detail-BUCC22_0017_BU322M301BL-DETT02eddf.jpg]
[bugatti.store/cdn/shop/files/bugatti-heritage-jacket-four-pockets-blue-BUCC22_0020_BU322M301BL-FR44c7.jpg]
[bugatti.store/cdn/shop/files/bugatti-heritage-jacket-four-pockets-blue-back-BUCC22_0019_BU322M301BL-BA36ab.jpg]
[bugatti.store/cdn/shop/files/bugatti-heritage-jacket-four-pockets-blue-pocket-BUCC22_0018_BU322M301BL-DETTbc30.jpg]
[bugatti.store/cdn/shop/files/bugatti-heritage-jacket-four-pockets-blue-F-detail-BUCC22_0017_BU322M301BL-DETT0240fe.jpg]
[bugatti.store/products/bugatti-heritage-jacket-four-pockets-blue.html]
[bugatti.store/products/accent-logo-hoodie.oembed]
[bugatti.store/cdn/shop/files/bugatti-accent-logo-hoodie-back7d02.jpg]
[bugatti.store/cdn/shop/files/bugatti-accent-logo-hoodie-logo-close-up8d62.jpg]
[bugatti.store/cdn/shop/files/bugatti-accent-logo-hoodie-sleeve-close-up6b7b.jpg]
[bugatti.store/cdn/shop/files/bugatti-accent-logo-hoodie-logo-tag-close-up12d6.jpg]
[bugatti.store/cdn/shop/files/bugatti-accent-logo-hoodieecab.jpg]
[bugatti.store/cdn/shop/files/bugatti-accent-logo-hoodie-backb6a1.jpg]
[bugatti.store/cdn/shop/files/bugatti-accent-logo-hoodie-logo-close-up147f.jpg]
[bugatti.store/cdn/shop/files/bugatti-accent-logo-hoodie-sleeve-close-upb60e.jpg]
[bugatti.store/cdn/shop/files/bugatti-accent-logo-hoodie-logo-tag-close-up6e95.jpg]
[bugatti.store/products/accent-logo-hoodie.html]
[bugatti.store/products/bugatti-divo-scale-model-1-24-remote-control.oembed]
[bugatti.store/cdn/shop/files/m24_af191714-a436-441b-bac6-21f71650b67648e5.jpg]
[bugatti.store/cdn/shop/files/m25_802c3869-bf2e-4286-a644-92704d50e03e48e5.jpg]
[bugatti.store/cdn/shop/files/m26_abc0af1d-44a3-4bc1-b473-e0332083f0f148e5.jpg]
[bugatti.store/cdn/shop/files/m27_9b57c971-3f0c-452c-92ad-44988b086b0248e5.jpg]
[bugatti.store/cdn/shop/files/m23_21c6a401-3f20-4ea7-8a61-fc5a817e0a752820.jpg]
[bugatti.store/cdn/shop/files/m24_af191714-a436-441b-bac6-21f71650b6762820.jpg]
[bugatti.store/cdn/shop/files/m25_802c3869-bf2e-4286-a644-92704d50e03e2820.jpg]
[bugatti.store/cdn/shop/files/m26_abc0af1d-44a3-4bc1-b473-e0332083f0f12820.jpg]
[bugatti.store/cdn/shop/files/m27_9b57c971-3f0c-452c-92ad-44988b086b022820.jpg]
[bugatti.store/products/bugatti-divo-scale-model-1-24-remote-control.html]
[bugatti.store/products/generations-graphic-t-shirt.oembed]
[bugatti.store/cdn/shop/files/Bugatti-Generations-Logo-Graphic-TShirt-backe9e1.jpg]
[bugatti.store/cdn/shop/files/Bugatti-Generations-Logo-Graphic-TShirt-models-unisex06f8.jpg]
[bugatti.store/cdn/shop/files/Bugatti-Generations-Logo-Graphic-TShirt-mensdedf.jpg]
[bugatti.store/cdn/shop/files/Bugatti-Generations-Logo-Graphic-TShirt-back-male-model7880.jpg]
[bugatti.store/cdn/shop/files/Bugatti-Generations-Logo-Graphic-TShirt-graphic-detail3325.jpg]
[bugatti.store/cdn/shop/files/Bugatti-Generations-Logo-Graphic-TShirt-corner-detail1ac1.jpg]
[bugatti.store/cdn/shop/files/Bugatti-Generations-Logo-Graphic-TShirt-chest-logo0850.jpg]
[bugatti.store/cdn/shop/files/Bugatti-Generations-Logo-Graphic-TShirt7278.jpg]
[bugatti.store/cdn/shop/files/Bugatti-Generations-Logo-Graphic-TShirt-back365f.jpg]
[bugatti.store/cdn/shop/files/Bugatti-Generations-Logo-Graphic-TShirt-models-unisexa119.jpg]
[bugatti.store/cdn/shop/files/Bugatti-Generations-Logo-Graphic-TShirt-mens732c.jpg]
[bugatti.store/cdn/shop/files/Bugatti-Generations-Logo-Graphic-TShirt-back-male-model907a.jpg]
[bugatti.store/cdn/shop/files/Bugatti-Generations-Logo-Graphic-TShirt-graphic-detailb8d0.jpg]
[bugatti.store/cdn/shop/files/Bugatti-Generations-Logo-Graphic-TShirt-corner-detailabc7.jpg]
[bugatti.store/cdn/shop/files/Bugatti-Generations-Logo-Graphic-TShirt-chest-logo1587.jpg]
[bugatti.store/products/generations-graphic-t-shirt.html]
[bugatti.store/products/bugatti-eb-texture-socks-blue.oembed]
[bugatti.store/cdn/shop/files/BU220M901BL-det1cbf.jpg]
[bugatti.store/cdn/shop/files/BUSTORE_1000x1000_indossato_0023_BU220M901BL1cbf.jpg]
[bugatti.store/cdn/shop/files/BU220M901BL93a1.jpg]
[bugatti.store/cdn/shop/files/BU220M901BL-det93a1.jpg]
[bugatti.store/cdn/shop/files/BUSTORE_1000x1000_indossato_0023_BU220M901BL93a1.jpg]
[bugatti.store/products/bugatti-eb-texture-socks-blue.html]
[bugatti.store/products/bugatti-kids-gt-vision-sketch-black-hoodie.oembed]
[bugatti.store/cdn/shop/files/bugatti-kids-divo-sketch-black-hoodie-graphice8b2.jpg]
[bugatti.store/cdn/shop/files/bugatti-kids-divo-sketch-black-hoodie-back62dc.jpg]
[bugatti.store/cdn/shop/files/bugatti-kids-divo-sketch-black-hoodie-boyca37.jpg]
[bugatti.store/cdn/shop/files/bugatti-kids-divo-sketch-black-hoodief071.jpg]
[bugatti.store/cdn/shop/files/bugatti-kids-divo-sketch-black-hoodie-graphicbf13.jpg]
[bugatti.store/cdn/shop/files/bugatti-kids-divo-sketch-black-hoodie-backee8a.jpg]
[bugatti.store/cdn/shop/files/bugatti-kids-divo-sketch-black-hoodie-boyb313.jpg]
[bugatti.store/products/bugatti-kids-gt-vision-sketch-black-hoodie.html]
[bugatti.store/products/bugatti-bolide-scale-model-1-24-yellow.oembed]
[bugatti.store/cdn/shop/files/m46_1_57393ae7-8859-4c69-b404-b2627a5a3f84651e.jpg]
[bugatti.store/cdn/shop/files/m47_1_e947d784-9187-4a36-8f2c-0eb67d7123c7651e.jpg]
[bugatti.store/cdn/shop/files/m48_1_23c9bdbb-7b29-4a29-80eb-117be4e8e34c651e.jpg]
[bugatti.store/cdn/shop/files/m45_1_13085651-781e-40a2-a4f7-10dbf5c9c0fbf3f7.jpg]
[bugatti.store/cdn/shop/files/m46_1_57393ae7-8859-4c69-b404-b2627a5a3f84f3f7.jpg]
[bugatti.store/cdn/shop/files/m47_1_e947d784-9187-4a36-8f2c-0eb67d7123c7f3f7.jpg]
[bugatti.store/cdn/shop/files/m48_1_23c9bdbb-7b29-4a29-80eb-117be4e8e34cf3f7.jpg]
[bugatti.store/products/bugatti-bolide-scale-model-1-24-yellow.html]
[bugatti.store/products/bugatti-heritage-t-shirt-type-59-blue.oembed]
[bugatti.store/cdn/shop/files/bugatti-heritage-t-shirt-type-59-blue-back-BU-CC220b63.jpg]
[bugatti.store/cdn/shop/files/bugatti-heritage-t-shirt-type-59-blue-closeup-BU-CC22-04e139.jpg]
[bugatti.store/cdn/shop/files/bugatti-heritage-t-shirt-type-59-blue-BU-CC22e126.jpg]
[bugatti.store/cdn/shop/files/bugatti-heritage-t-shirt-type-59-blue-back-BU-CC22302c.jpg]
[bugatti.store/cdn/shop/files/bugatti-heritage-t-shirt-type-59-blue-closeup-BU-CC22-0426b5.jpg]
[bugatti.store/products/bugatti-heritage-t-shirt-type-59-blue.html]
[bugatti.store/products/bugatti-kids-wordmark-hoodie-navy.oembed]
[bugatti.store/cdn/shop/files/bugatti-kids-wordmark-hoodie-navy-logo617d.jpg]
[bugatti.store/cdn/shop/files/bugatti-kids-wordmark-hoodie-navy-sleeve1d24.jpg]
[bugatti.store/cdn/shop/files/bugatti-kids-wordmark-hoodie-navy-Bugatti0A6A5987446f.jpg]
[bugatti.store/cdn/shop/files/bugatti-kids-wordmark-hoodie-navy2e54.jpg]
[bugatti.store/cdn/shop/files/bugatti-kids-wordmark-hoodie-navy-logo7058.jpg]
[bugatti.store/cdn/shop/files/bugatti-kids-wordmark-hoodie-navy-sleeve544e.jpg]
[bugatti.store/cdn/shop/files/bugatti-kids-wordmark-hoodie-navy-Bugatti0A6A59877c91.jpg]
[bugatti.store/products/bugatti-kids-wordmark-hoodie-navy.html]
[bugatti.store/products/bugatti-heritage-t-shirt-type-13-beige.oembed]
[bugatti.store/cdn/shop/files/bugatti-heritage-t-shirt-type-13-beige-backd6e1.jpg]
[bugatti.store/cdn/shop/files/bugatti-heritage-t-shirt-type-13-beige-closeup34f7.jpg]
[bugatti.store/cdn/shop/files/bugatti-heritage-t-shirt-type-13-beige7d10.jpg]
[bugatti.store/cdn/shop/files/bugatti-heritage-t-shirt-type-13-beige-backe1e4.jpg]
[bugatti.store/cdn/shop/files/bugatti-heritage-t-shirt-type-13-beige-closeup3779.jpg]
[bugatti.store/products/bugatti-heritage-t-shirt-type-13-beige.html]
[bugatti.store/products/if-comparable-graphic-t-shirt.oembed]
[bugatti.store/cdn/shop/files/cream-short-sleeved-tshirt-bugatti-print-back5855.jpg]
[bugatti.store/cdn/shop/files/final_93_4207507b-5f43-401c-91ae-263f0ac3d4bb89e1.jpg]
[bugatti.store/cdn/shop/files/cream-short-sleeved-tshirt-bugatti-print-front-male-model3e0a.jpg]
[bugatti.store/cdn/shop/files/cream-short-sleeved-tshirt-bugatti-print-back-male-modele94e.jpg]
[bugatti.store/cdn/shop/files/cream-short-sleeved-tshirt-bugatti-print-front-logoc489.jpg]
[bugatti.store/cdn/shop/files/cream-short-sleeved-tshirt-bugatti-print-front-logo-blue72e0.jpg]
[bugatti.store/cdn/shop/files/cream-short-sleeved-tshirt-bugatti-print7a88.jpg]
[bugatti.store/cdn/shop/files/cream-short-sleeved-tshirt-bugatti-print-backe9d6.jpg]
[bugatti.store/cdn/shop/files/final_93_4207507b-5f43-401c-91ae-263f0ac3d4bb38e7.jpg]
[bugatti.store/cdn/shop/files/cream-short-sleeved-tshirt-bugatti-print-front-male-model3bac.jpg]
[bugatti.store/cdn/shop/files/cream-short-sleeved-tshirt-bugatti-print-back-male-model5338.jpg]
[bugatti.store/cdn/shop/files/cream-short-sleeved-tshirt-bugatti-print-front-logoca1c.jpg]
[bugatti.store/cdn/shop/files/cream-short-sleeved-tshirt-bugatti-print-front-logo-blue3a3f.jpg]
[bugatti.store/products/if-comparable-graphic-t-shirt.html]
[bugatti.store/products/essential-logo-hoodie.oembed]
[bugatti.store/cdn/shop/files/bugatti-essential-hoodie-blue-backc992.jpg]
[bugatti.store/cdn/shop/files/bugatti-essential-hoodie-blue-hood-close-up5808.jpg]
[bugatti.store/cdn/shop/files/bugatti-essential-hoodie-blue-sleeve-close-up141b.jpg]
[bugatti.store/cdn/shop/files/cliik_studios_010_42e34c66-1002-4a0c-8f61-346f3d44167021b5.jpg]
[bugatti.store/cdn/shop/files/bugatti-essential-hoodie-blue8e31.jpg]
